Archive member included to satisfy reference by file (symbol)

c:/st/stm32cubeide_1.7.0/stm32cubeide/plugins/com.st.stm32cube.ide.mcu.externaltools.gnu-tools-for-stm32.9-2020-q2-update.win32_2.0.0.202105311346/tools/bin/../lib/gcc/arm-none-eabi/9.3.1/../../../../arm-none-eabi/lib/thumb/v7e-m+fp/hard\libc_nano.a(lib_a-errno.o)
                              ./Core/Src/syscalls.o (__errno)
c:/st/stm32cubeide_1.7.0/stm32cubeide/plugins/com.st.stm32cube.ide.mcu.externaltools.gnu-tools-for-stm32.9-2020-q2-update.win32_2.0.0.202105311346/tools/bin/../lib/gcc/arm-none-eabi/9.3.1/../../../../arm-none-eabi/lib/thumb/v7e-m+fp/hard\libc_nano.a(lib_a-exit.o)
                              c:/st/stm32cubeide_1.7.0/stm32cubeide/plugins/com.st.stm32cube.ide.mcu.externaltools.gnu-tools-for-stm32.9-2020-q2-update.win32_2.0.0.202105311346/tools/bin/../lib/gcc/arm-none-eabi/9.3.1/../../../../arm-none-eabi/lib/thumb/v7e-m+fp/hard/crt0.o (exit)
c:/st/stm32cubeide_1.7.0/stm32cubeide/plugins/com.st.stm32cube.ide.mcu.externaltools.gnu-tools-for-stm32.9-2020-q2-update.win32_2.0.0.202105311346/tools/bin/../lib/gcc/arm-none-eabi/9.3.1/../../../../arm-none-eabi/lib/thumb/v7e-m+fp/hard\libc_nano.a(lib_a-impure.o)
                              c:/st/stm32cubeide_1.7.0/stm32cubeide/plugins/com.st.stm32cube.ide.mcu.externaltools.gnu-tools-for-stm32.9-2020-q2-update.win32_2.0.0.202105311346/tools/bin/../lib/gcc/arm-none-eabi/9.3.1/../../../../arm-none-eabi/lib/thumb/v7e-m+fp/hard\libc_nano.a(lib_a-exit.o) (_global_impure_ptr)
c:/st/stm32cubeide_1.7.0/stm32cubeide/plugins/com.st.stm32cube.ide.mcu.externaltools.gnu-tools-for-stm32.9-2020-q2-update.win32_2.0.0.202105311346/tools/bin/../lib/gcc/arm-none-eabi/9.3.1/../../../../arm-none-eabi/lib/thumb/v7e-m+fp/hard\libc_nano.a(lib_a-init.o)
                              c:/st/stm32cubeide_1.7.0/stm32cubeide/plugins/com.st.stm32cube.ide.mcu.externaltools.gnu-tools-for-stm32.9-2020-q2-update.win32_2.0.0.202105311346/tools/bin/../lib/gcc/arm-none-eabi/9.3.1/../../../../arm-none-eabi/lib/thumb/v7e-m+fp/hard/crt0.o (__libc_init_array)
c:/st/stm32cubeide_1.7.0/stm32cubeide/plugins/com.st.stm32cube.ide.mcu.externaltools.gnu-tools-for-stm32.9-2020-q2-update.win32_2.0.0.202105311346/tools/bin/../lib/gcc/arm-none-eabi/9.3.1/../../../../arm-none-eabi/lib/thumb/v7e-m+fp/hard\libc_nano.a(lib_a-memset.o)
                              c:/st/stm32cubeide_1.7.0/stm32cubeide/plugins/com.st.stm32cube.ide.mcu.externaltools.gnu-tools-for-stm32.9-2020-q2-update.win32_2.0.0.202105311346/tools/bin/../lib/gcc/arm-none-eabi/9.3.1/../../../../arm-none-eabi/lib/thumb/v7e-m+fp/hard/crt0.o (memset)
c:/st/stm32cubeide_1.7.0/stm32cubeide/plugins/com.st.stm32cube.ide.mcu.externaltools.gnu-tools-for-stm32.9-2020-q2-update.win32_2.0.0.202105311346/tools/bin/../lib/gcc/arm-none-eabi/9.3.1/../../../../arm-none-eabi/lib/thumb/v7e-m+fp/hard\libc_nano.a(lib_a-snprintf.o)
                              ./Core/Src/kb.o (snprintf)
c:/st/stm32cubeide_1.7.0/stm32cubeide/plugins/com.st.stm32cube.ide.mcu.externaltools.gnu-tools-for-stm32.9-2020-q2-update.win32_2.0.0.202105311346/tools/bin/../lib/gcc/arm-none-eabi/9.3.1/../../../../arm-none-eabi/lib/thumb/v7e-m+fp/hard\libc_nano.a(lib_a-sprintf.o)
                              ./Core/Src/main.o (sprintf)
c:/st/stm32cubeide_1.7.0/stm32cubeide/plugins/com.st.stm32cube.ide.mcu.externaltools.gnu-tools-for-stm32.9-2020-q2-update.win32_2.0.0.202105311346/tools/bin/../lib/gcc/arm-none-eabi/9.3.1/../../../../arm-none-eabi/lib/thumb/v7e-m+fp/hard\libc_nano.a(lib_a-strlen.o)
                              ./Core/Src/main.o (strlen)
c:/st/stm32cubeide_1.7.0/stm32cubeide/plugins/com.st.stm32cube.ide.mcu.externaltools.gnu-tools-for-stm32.9-2020-q2-update.win32_2.0.0.202105311346/tools/bin/../lib/gcc/arm-none-eabi/9.3.1/../../../../arm-none-eabi/lib/thumb/v7e-m+fp/hard\libc_nano.a(lib_a-nano-svfprintf.o)
                              c:/st/stm32cubeide_1.7.0/stm32cubeide/plugins/com.st.stm32cube.ide.mcu.externaltools.gnu-tools-for-stm32.9-2020-q2-update.win32_2.0.0.202105311346/tools/bin/../lib/gcc/arm-none-eabi/9.3.1/../../../../arm-none-eabi/lib/thumb/v7e-m+fp/hard\libc_nano.a(lib_a-snprintf.o) (_svfprintf_r)
c:/st/stm32cubeide_1.7.0/stm32cubeide/plugins/com.st.stm32cube.ide.mcu.externaltools.gnu-tools-for-stm32.9-2020-q2-update.win32_2.0.0.202105311346/tools/bin/../lib/gcc/arm-none-eabi/9.3.1/../../../../arm-none-eabi/lib/thumb/v7e-m+fp/hard\libc_nano.a(lib_a-nano-vfprintf_i.o)
                              c:/st/stm32cubeide_1.7.0/stm32cubeide/plugins/com.st.stm32cube.ide.mcu.externaltools.gnu-tools-for-stm32.9-2020-q2-update.win32_2.0.0.202105311346/tools/bin/../lib/gcc/arm-none-eabi/9.3.1/../../../../arm-none-eabi/lib/thumb/v7e-m+fp/hard\libc_nano.a(lib_a-nano-svfprintf.o) (_printf_i)
[...]
Memory Configuration

Name             Origin             Length             Attributes
CCMRAM           0x0000000010000000 0x0000000000010000 xrw
RAM              0x0000000020000000 0x0000000000020000 xrw
FLASH            0x0000000008000000 0x0000000000100000 xr
*default*        0x0000000000000000 0xffffffffffffffff

Linker script and memory map

LOAD c:/st/stm32cubeide_1.7.0/stm32cubeide/plugins/com.st.stm32cube.ide.mcu.externaltools.gnu-tools-for-stm32.9-2020-q2-update.win32_2.0.0.202105311346/tools/bin/../lib/gcc/arm-none-eabi/9.3.1/thumb/v7e-m+fp/hard/crti.o
LOAD c:/st/stm32cubeide_1.7.0/stm32cubeide/plugins/com.st.stm32cube.ide.mcu.externaltools.gnu-tools-for-stm32.9-2020-q2-update.win32_2.0.0.202105311346/tools/bin/../lib/gcc/arm-none-eabi/9.3.1/thumb/v7e-m+fp/hard/crtbegin.o
LOAD c:/st/stm32cubeide_1.7.0/stm32cubeide/plugins/com.st.stm32cube.ide.mcu.externaltools.gnu-tools-for-stm32.9-2020-q2-update.win32_2.0.0.202105311346/tools/bin/../lib/gcc/arm-none-eabi/9.3.1/../../../../arm-none-eabi/lib/thumb/v7e-m+fp/hard/crt0.o
LOAD ./Core/Src/fonts.o
LOAD ./Core/Src/gpio.o
LOAD ./Core/Src/hal_driver.o
LOAD ./Core/Src/i2c.o
LOAD ./Core/Src/kb.o
LOAD ./Core/Src/main.o
LOAD ./Core/Src/oled.o
LOAD ./Core/Src/pca9538.o
LOAD ./Core/Src/sdk_uart.o
LOAD ./Core/Src/sound_driver.o
LOAD ./Core/Src/stm32f4xx_hal_msp.o
LOAD ./Core/Src/stm32f4xx_it.o
LOAD ./Core/Src/syscalls.o
LOAD ./Core/Src/sysmem.o
LOAD ./Core/Src/system_stm32f4xx.o
LOAD ./Core/Src/tim.o
LOAD ./Core/Src/usart.o
LOAD ./Core/Startup/startup_stm32f407vgtx.o
LOAD ./Drivers/STM32F4xx_HAL_Driver/Src/stm32f4xx_hal.o
LOAD ./Drivers/STM32F4xx_HAL_Driver/Src/stm32f4xx_hal_cortex.o
LOAD ./Drivers/STM32F4xx_HAL_Driver/Src/stm32f4xx_hal_dma.o
LOAD ./Drivers/STM32F4xx_HAL_Driver/Src/stm32f4xx_hal_dma_ex.o
LOAD ./Drivers/STM32F4xx_HAL_Driver/Src/stm32f4xx_hal_exti.o
LOAD ./Drivers/STM32F4xx_HAL_Driver/Src/stm32f4xx_hal_flash.o
LOAD ./Drivers/STM32F4xx_HAL_Driver/Src/stm32f4xx_hal_flash_ex.o
LOAD ./Drivers/STM32F4xx_HAL_Driver/Src/stm32f4xx_hal_flash_ramfunc.o
LOAD ./Drivers/STM32F4xx_HAL_Driver/Src/stm32f4xx_hal_gpio.o
LOAD ./Drivers/STM32F4xx_HAL_Driver/Src/stm32f4xx_hal_i2c.o
LOAD ./Drivers/STM32F4xx_HAL_Driver/Src/stm32f4xx_hal_i2c_ex.o
LOAD ./Drivers/STM32F4xx_HAL_Driver/Src/stm32f4xx_hal_pwr.o
LOAD ./Drivers/STM32F4xx_HAL_Driver/Src/stm32f4xx_hal_pwr_ex.o
LOAD ./Drivers/STM32F4xx_HAL_Driver/Src/stm32f4xx_hal_rcc.o
LOAD ./Drivers/STM32F4xx_HAL_Driver/Src/stm32f4xx_hal_rcc_ex.o
LOAD ./Drivers/STM32F4xx_HAL_Driver/Src/stm32f4xx_hal_tim.o
LOAD ./Drivers/STM32F4xx_HAL_Driver/Src/stm32f4xx_hal_tim_ex.o
LOAD ./Drivers/STM32F4xx_HAL_Driver/Src/stm32f4xx_hal_uart.o
START GROUP
LOAD c:/st/stm32cubeide_1.7.0/stm32cubeide/plugins/com.st.stm32cube.ide.mcu.externaltools.gnu-tools-for-stm32.9-2020-q2-update.win32_2.0.0.202105311346/tools/bin/../lib/gcc/arm-none-eabi/9.3.1/../../../../arm-none-eabi/lib/thumb/v7e-m+fp/hard\libc_nano.a
LOAD c:/st/stm32cubeide_1.7.0/stm32cubeide/plugins/com.st.stm32cube.ide.mcu.externaltools.gnu-tools-for-stm32.9-2020-q2-update.win32_2.0.0.202105311346/tools/bin/../lib/gcc/arm-none-eabi/9.3.1/../../../../arm-none-eabi/lib/thumb/v7e-m+fp/hard\libm.a
END GROUP
START GROUP
LOAD c:/st/stm32cubeide_1.7.0/stm32cubeide/plugins/com.st.stm32cube.ide.mcu.externaltools.gnu-tools-for-stm32.9-2020-q2-update.win32_2.0.0.202105311346/tools/bin/../lib/gcc/arm-none-eabi/9.3.1/thumb/v7e-m+fp/hard\libgcc.a
LOAD c:/st/stm32cubeide_1.7.0/stm32cubeide/plugins/com.st.stm32cube.ide.mcu.externaltools.gnu-tools-for-stm32.9-2020-q2-update.win32_2.0.0.202105311346/tools/bin/../lib/gcc/arm-none-eabi/9.3.1/../../../../arm-none-eabi/lib/thumb/v7e-m+fp/hard\libc_nano.a
END GROUP
START GROUP
LOAD c:/st/stm32cubeide_1.7.0/stm32cubeide/plugins/com.st.stm32cube.ide.mcu.externaltools.gnu-tools-for-stm32.9-2020-q2-update.win32_2.0.0.202105311346/tools/bin/../lib/gcc/arm-none-eabi/9.3.1/thumb/v7e-m+fp/hard\libgcc.a
LOAD c:/st/stm32cubeide_1.7.0/stm32cubeide/plugins/com.st.stm32cube.ide.mcu.externaltools.gnu-tools-for-stm32.9-2020-q2-update.win32_2.0.0.202105311346/tools/bin/../lib/gcc/arm-none-eabi/9.3.1/../../../../arm-none-eabi/lib/thumb/v7e-m+fp/hard\libc_nano.a
LOAD c:/st/stm32cubeide_1.7.0/stm32cubeide/plugins/com.st.stm32cube.ide.mcu.externaltools.gnu-tools-for-stm32.9-2020-q2-update.win32_2.0.0.202105311346/tools/bin/../lib/gcc/arm-none-eabi/9.3.1/../../../../arm-none-eabi/lib/thumb/v7e-m+fp/hard\libnosys.a
END GROUP
START GROUP
LOAD c:/st/stm32cubeide_1.7.0/stm32cubeide/plugins/com.st.stm32cube.ide.mcu.externaltools.gnu-tools-for-stm32.9-2020-q2-update.win32_2.0.0.202105311346/tools/bin/../lib/gcc/arm-none-eabi/9.3.1/thumb/v7e-m+fp/hard\libgcc.a
LOAD c:/st/stm32cubeide_1.7.0/stm32cubeide/plugins/com.st.stm32cube.ide.mcu.externaltools.gnu-tools-for-stm32.9-2020-q2-update.win32_2.0.0.202105311346/tools/bin/../lib/gcc/arm-none-eabi/9.3.1/../../../../arm-none-eabi/lib/thumb/v7e-m+fp/hard\libc_nano.a
LOAD c:/st/stm32cubeide_1.7.0/stm32cubeide/plugins/com.st.stm32cube.ide.mcu.externaltools.gnu-tools-for-stm32.9-2020-q2-update.win32_2.0.0.202105311346/tools/bin/../lib/gcc/arm-none-eabi/9.3.1/../../../../arm-none-eabi/lib/thumb/v7e-m+fp/hard\libnosys.a
END GROUP
LOAD c:/st/stm32cubeide_1.7.0/stm32cubeide/plugins/com.st.stm32cube.ide.mcu.externaltools.gnu-tools-for-stm32.9-2020-q2-update.win32_2.0.0.202105311346/tools/bin/../lib/gcc/arm-none-eabi/9.3.1/thumb/v7e-m+fp/hard/crtend.o
LOAD c:/st/stm32cubeide_1.7.0/stm32cubeide/plugins/com.st.stm32cube.ide.mcu.externaltools.gnu-tools-for-stm32.9-2020-q2-update.win32_2.0.0.202105311346/tools/bin/../lib/gcc/arm-none-eabi/9.3.1/thumb/v7e-m+fp/hard/crtn.o
                0x0000000020020000                _estack = (ORIGIN (RAM) + LENGTH (RAM))
                0x0000000000000200                _Min_Heap_Size = 0x200
                0x0000000000000400                _Min_Stack_Size = 0x400

.isr_vector     0x0000000008000000      0x188
                0x0000000008000000                . = ALIGN (0x4)
 *(.isr_vector)
 .isr_vector    0x0000000008000000      0x188 ./Core/Startup/startup_stm32f407vgtx.o
                0x0000000008000000                g_pfnVectors
                0x0000000008000188                . = ALIGN (0x4)

.text           0x0000000008000190     0x77d0
                0x0000000008000190                . = ALIGN (0x4)
 *(.text)
 .text          0x0000000008000190       0x40 c:/st/stm32cubeide_1.7.0/stm32cubeide/plugins/com.st.stm32cube.ide.mcu.externaltools.gnu-tools-for-stm32.9-2020-q2-update.win32_2.0.0.202105311346/tools/bin/../lib/gcc/arm-none-eabi/9.3.1/thumb/v7e-m+fp/hard/crtbegin.o
 .text          0x00000000080001d0       0x10 c:/st/stm32cubeide_1.7.0/stm32cubeide/plugins/com.st.stm32cube.ide.mcu.externaltools.gnu-tools-for-stm32.9-2020-q2-update.win32_2.0.0.202105311346/tools/bin/../lib/gcc/arm-none-eabi/9.3.1/../../../../arm-none-eabi/lib/thumb/v7e-m+fp/hard\libc_nano.a(lib_a-strlen.o)
                0x00000000080001d0                strlen
 .text          0x00000000080001e0       0xa0 c:/st/stm32cubeide_1.7.0/stm32cubeide/plugins/com.st.stm32cube.ide.mcu.externaltools.gnu-tools-for-stm32.9-2020-q2-update.win32_2.0.0.202105311346/tools/bin/../lib/gcc/arm-none-eabi/9.3.1/../../../../arm-none-eabi/lib/thumb/v7e-m+fp/hard\libc_nano.a(lib_a-memchr.o)
                0x00000000080001e0                memchr
 .text          0x0000000008000280       0x30 c:/st/stm32cubeide_1.7.0/stm32cubeide/plugins/com.st.stm32cube.ide.mcu.externaltools.gnu-tools-for-stm32.9-2020-q2-update.win32_2.0.0.202105311346/tools/bin/../lib/gcc/arm-none-eabi/9.3.1/thumb/v7e-m+fp/hard\libgcc.a(_aeabi_uldivmod.o)
                0x0000000008000280                __aeabi_uldivmod
 .text          0x00000000080002b0      0x2c4 c:/st/stm32cubeide_1.7.0/stm32cubeide/plugins/com.st.stm32cube.ide.mcu.externaltools.gnu-tools-for-stm32.9-2020-q2-update.win32_2.0.0.202105311346/tools/bin/../lib/gcc/arm-none-eabi/9.3.1/thumb/v7e-m+fp/hard\libgcc.a(_udivmoddi4.o)
                0x00000000080002b0                __udivmoddi4
 .text          0x0000000008000574        0x4 c:/st/stm32cubeide_1.7.0/stm32cubeide/plugins/com.st.stm32cube.ide.mcu.externaltools.gnu-tools-for-stm32.9-2020-q2-update.win32_2.0.0.202105311346/tools/bin/../lib/gcc/arm-none-eabi/9.3.1/thumb/v7e-m+fp/hard\libgcc.a(_dvmd_tls.o)
                0x0000000008000574                __aeabi_idiv0
                0x0000000008000574                __aeabi_ldiv0
 *(.text*)
 .text.MX_GPIO_Init
                0x0000000008000578       0xfc ./Core/Src/gpio.o
                0x0000000008000578                MX_GPIO_Init
 .text.getButtonState
                0x0000000008000674       0x18 ./Core/Src/hal_driver.o
                0x0000000008000674                getButtonState
 .text.getCurrentTime
                0x000000000800068c        0xe ./Core/Src/hal_driver.o
                0x000000000800068c                getCurrentTime
 *fill*         0x000000000800069a        0x2 
 .text.MX_I2C1_Init
                0x000000000800069c       0x5c ./Core/Src/i2c.o
                0x000000000800069c                MX_I2C1_Init
 .text.HAL_I2C_MspInit
                0x00000000080006f8       0xb0 ./Core/Src/i2c.o
                0x00000000080006f8                HAL_I2C_MspInit
 .text.ks_continue
                0x00000000080007a8      0x23c ./Core/Src/kb.o
                0x00000000080007a8                ks_continue
 .text.writeScreenMessage
                0x00000000080009e4       0x24 ./Core/Src/main.o
                0x00000000080009e4                writeScreenMessage
 .text.writeScreenChar
                0x0000000008000a08       0x28 ./Core/Src/main.o
                0x0000000008000a08                writeScreenChar
 .text.resetScreen
                0x0000000008000a30       0x1a ./Core/Src/main.o
                0x0000000008000a30                resetScreen
 *fill*         0x0000000008000a4a        0x2 
 .text.writeScreenError
                0x0000000008000a4c       0x18 ./Core/Src/main.o
                0x0000000008000a4c                writeScreenError
 .text.writeScreenErrorAndReset
                0x0000000008000a64       0x14 ./Core/Src/main.o
                0x0000000008000a64                writeScreenErrorAndReset
 .text.nextOperation
                0x0000000008000a78       0x34 ./Core/Src/main.o
                0x0000000008000a78                nextOperation
 .text.checkNumbertoOverflow
                0x0000000008000aac       0x56 ./Core/Src/main.o
                0x0000000008000aac                checkNumbertoOverflow
 .text.getNumber
                0x0000000008000b02       0x38 ./Core/Src/main.o
                0x0000000008000b02                getNumber
 *fill*         0x0000000008000b3a        0x2 
 .text.getMathOperation
                0x0000000008000b3c       0x8c ./Core/Src/main.o
                0x0000000008000b3c                getMathOperation
 .text.handle_calc
                0x0000000008000bc8      0x34c ./Core/Src/main.o
                0x0000000008000bc8                handle_calc
 .text.resetCalc
                0x0000000008000f14       0x4c ./Core/Src/main.o
                0x0000000008000f14                resetCalc
 .text.buffer_add
                0x0000000008000f60       0x38 ./Core/Src/main.o
                0x0000000008000f60                buffer_add
 .text.buffer_read
                0x0000000008000f98       0x4c ./Core/Src/main.o
                0x0000000008000f98                buffer_read
 .text.keyboard_read
                0x0000000008000fe4       0xe8 ./Core/Src/main.o
                0x0000000008000fe4                keyboard_read
 .text.HAL_I2C_MemTxCpltCallback
                0x00000000080010cc       0x2c ./Core/Src/main.o
                0x00000000080010cc                HAL_I2C_MemTxCpltCallback
 .text.HAL_I2C_MemRxCpltCallback
                0x00000000080010f8       0x2c ./Core/Src/main.o
                0x00000000080010f8                HAL_I2C_MemRxCpltCallback
 .text.sendMessage
                0x0000000008001124       0x2c ./Core/Src/main.o
                0x0000000008001124                sendMessage
 .text.main     0x0000000008001150      0x1b8 ./Core/Src/main.o
                0x0000000008001150                main
 .text.SystemClock_Config
                0x0000000008001308       0xd4 ./Core/Src/main.o
                0x0000000008001308                SystemClock_Config
 .text.Error_Handler
                0x00000000080013dc        0xa ./Core/Src/main.o
                0x00000000080013dc                Error_Handler
 *fill*         0x00000000080013e6        0x2 
 .text.oled_WriteCommand
                0x00000000080013e8       0x30 ./Core/Src/oled.o
 .text.oled_Init
                0x0000000008001418       0xd8 ./Core/Src/oled.o
                0x0000000008001418                oled_Init
 .text.oled_Fill
                0x00000000080014f0       0x48 ./Core/Src/oled.o
                0x00000000080014f0                oled_Fill
 .text.oled_UpdateScreen
                0x0000000008001538       0x60 ./Core/Src/oled.o
                0x0000000008001538                oled_UpdateScreen
 .text.oled_DrawPixel
                0x0000000008001598       0xc0 ./Core/Src/oled.o
                0x0000000008001598                oled_DrawPixel
 .text.oled_WriteChar
                0x0000000008001658      0x100 ./Core/Src/oled.o
                0x0000000008001658                oled_WriteChar
 .text.oled_WriteString
                0x0000000008001758       0x4c ./Core/Src/oled.o
                0x0000000008001758                oled_WriteString
 .text.oled_SetCursor
                0x00000000080017a4       0x30 ./Core/Src/oled.o
                0x00000000080017a4                oled_SetCursor
 .text.PCA9538_Read_Register
                0x00000000080017d4       0x48 ./Core/Src/pca9538.o
                0x00000000080017d4                PCA9538_Read_Register
 .text.PCA9538_Write_Register
                0x000000000800181c       0x48 ./Core/Src/pca9538.o
                0x000000000800181c                PCA9538_Write_Register
 .text.PCA9538_Read_Inputs
                0x0000000008001864       0x22 ./Core/Src/pca9538.o
                0x0000000008001864                PCA9538_Read_Inputs
 *fill*         0x0000000008001886        0x2 
 .text.UART_Transmit
                0x0000000008001888       0x2c ./Core/Src/sdk_uart.o
                0x0000000008001888                UART_Transmit
 .text.sound_driver_init
                0x00000000080018b4       0x1c ./Core/Src/sound_driver.o
                0x00000000080018b4                sound_driver_init
 .text.sound_driver_volume_mute
                0x00000000080018d0       0x16 ./Core/Src/sound_driver.o
                0x00000000080018d0                sound_driver_volume_mute
 *fill*         0x00000000080018e6        0x2 
 .text.HAL_MspInit
                0x00000000080018e8       0x50 ./Core/Src/stm32f4xx_hal_msp.o
                0x00000000080018e8                HAL_MspInit
 .text.NMI_Handler
                0x0000000008001938        0x6 ./Core/Src/stm32f4xx_it.o
                0x0000000008001938                NMI_Handler
 .text.HardFault_Handler
                0x000000000800193e        0x6 ./Core/Src/stm32f4xx_it.o
                0x000000000800193e                HardFault_Handler
 .text.MemManage_Handler
                0x0000000008001944        0x6 ./Core/Src/stm32f4xx_it.o
                0x0000000008001944                MemManage_Handler
 .text.BusFault_Handler
                0x000000000800194a        0x6 ./Core/Src/stm32f4xx_it.o
                0x000000000800194a                BusFault_Handler
 .text.UsageFault_Handler
                0x0000000008001950        0x6 ./Core/Src/stm32f4xx_it.o
                0x0000000008001950                UsageFault_Handler
 .text.SVC_Handler
                0x0000000008001956        0xe ./Core/Src/stm32f4xx_it.o
                0x0000000008001956                SVC_Handler
 .text.DebugMon_Handler
                0x0000000008001964        0xe ./Core/Src/stm32f4xx_it.o
                0x0000000008001964                DebugMon_Handler
 .text.PendSV_Handler
                0x0000000008001972        0xe ./Core/Src/stm32f4xx_it.o
                0x0000000008001972                PendSV_Handler
 .text.SysTick_Handler
                0x0000000008001980        0xc ./Core/Src/stm32f4xx_it.o
                0x0000000008001980                SysTick_Handler
 .text.I2C1_EV_IRQHandler
                0x000000000800198c       0x14 ./Core/Src/stm32f4xx_it.o
                0x000000000800198c                I2C1_EV_IRQHandler
 .text.I2C1_ER_IRQHandler
                0x00000000080019a0       0x14 ./Core/Src/stm32f4xx_it.o
                0x00000000080019a0                I2C1_ER_IRQHandler
 .text.TIM6_DAC_IRQHandler
                0x00000000080019b4       0x14 ./Core/Src/stm32f4xx_it.o
                0x00000000080019b4                TIM6_DAC_IRQHandler
 .text.USART6_IRQHandler
                0x00000000080019c8       0x14 ./Core/Src/stm32f4xx_it.o
                0x00000000080019c8                USART6_IRQHandler
 .text._sbrk    0x00000000080019dc       0x6c ./Core/Src/sysmem.o
                0x00000000080019dc                _sbrk
 .text.SystemInit
                0x0000000008001a48       0x24 ./Core/Src/system_stm32f4xx.o
                0x0000000008001a48                SystemInit
 .text.MX_TIM2_Init
                0x0000000008001a6c       0xb0 ./Core/Src/tim.o
                0x0000000008001a6c                MX_TIM2_Init
 .text.MX_TIM6_Init
                0x0000000008001b1c       0x6c ./Core/Src/tim.o
                0x0000000008001b1c                MX_TIM6_Init
 .text.HAL_TIM_PWM_MspInit
                0x0000000008001b88       0x40 ./Core/Src/tim.o
                0x0000000008001b88                HAL_TIM_PWM_MspInit
 .text.HAL_TIM_Base_MspInit
                0x0000000008001bc8       0x50 ./Core/Src/tim.o
                0x0000000008001bc8                HAL_TIM_Base_MspInit
 .text.HAL_TIM_MspPostInit
                0x0000000008001c18       0x70 ./Core/Src/tim.o
                0x0000000008001c18                HAL_TIM_MspPostInit
 .text.MX_USART6_UART_Init
                0x0000000008001c88       0x54 ./Core/Src/usart.o
                0x0000000008001c88                MX_USART6_UART_Init
 .text.HAL_UART_MspInit
                0x0000000008001cdc       0xa0 ./Core/Src/usart.o
                0x0000000008001cdc                HAL_UART_MspInit
 .text.Reset_Handler
                0x0000000008001d7c       0x50 ./Core/Startup/startup_stm32f407vgtx.o
                0x0000000008001d7c                Reset_Handler
 .text.Default_Handler
                0x0000000008001dcc        0x2 ./Core/Startup/startup_stm32f407vgtx.o
                0x0000000008001dcc                RTC_Alarm_IRQHandler
                0x0000000008001dcc                HASH_RNG_IRQHandler
                0x0000000008001dcc                EXTI2_IRQHandler
                0x0000000008001dcc                TIM8_CC_IRQHandler
                0x0000000008001dcc                TIM1_CC_IRQHandler
                0x0000000008001dcc                DMA2_Stream5_IRQHandler
                0x0000000008001dcc                DMA1_Stream5_IRQHandler
                0x0000000008001dcc                PVD_IRQHandler
                0x0000000008001dcc                SDIO_IRQHandler
                0x0000000008001dcc                TAMP_STAMP_IRQHandler
                0x0000000008001dcc                CAN2_RX1_IRQHandler
                0x0000000008001dcc                EXTI3_IRQHandler
                0x0000000008001dcc                TIM8_TRG_COM_TIM14_IRQHandler
                0x0000000008001dcc                TIM1_UP_TIM10_IRQHandler
                0x0000000008001dcc                TIM8_UP_TIM13_IRQHandler
                0x0000000008001dcc                I2C3_ER_IRQHandler
                0x0000000008001dcc                EXTI0_IRQHandler
                0x0000000008001dcc                I2C2_EV_IRQHandler
                0x0000000008001dcc                DMA1_Stream2_IRQHandler
                0x0000000008001dcc                CAN1_RX0_IRQHandler
                0x0000000008001dcc                FPU_IRQHandler
                0x0000000008001dcc                OTG_HS_WKUP_IRQHandler
                0x0000000008001dcc                CAN2_SCE_IRQHandler
                0x0000000008001dcc                DMA2_Stream2_IRQHandler
                0x0000000008001dcc                SPI1_IRQHandler
                0x0000000008001dcc                TIM1_BRK_TIM9_IRQHandler
                0x0000000008001dcc                DCMI_IRQHandler
                0x0000000008001dcc                CAN2_RX0_IRQHandler
                0x0000000008001dcc                DMA2_Stream3_IRQHandler
                0x0000000008001dcc                USART3_IRQHandler
                0x0000000008001dcc                CAN1_RX1_IRQHandler
                0x0000000008001dcc                UART5_IRQHandler
                0x0000000008001dcc                DMA2_Stream0_IRQHandler
                0x0000000008001dcc                TIM4_IRQHandler
                0x0000000008001dcc                DMA1_Stream6_IRQHandler
                0x0000000008001dcc                DMA1_Stream1_IRQHandler
                0x0000000008001dcc                UART4_IRQHandler
                0x0000000008001dcc                TIM3_IRQHandler
                0x0000000008001dcc                RCC_IRQHandler
                0x0000000008001dcc                TIM8_BRK_TIM12_IRQHandler
                0x0000000008001dcc                Default_Handler
                0x0000000008001dcc                EXTI15_10_IRQHandler
                0x0000000008001dcc                ADC_IRQHandler
                0x0000000008001dcc                DMA1_Stream7_IRQHandler
                0x0000000008001dcc                TIM7_IRQHandler
                0x0000000008001dcc                CAN2_TX_IRQHandler
                0x0000000008001dcc                TIM5_IRQHandler
                0x0000000008001dcc                DMA2_Stream7_IRQHandler
                0x0000000008001dcc                I2C3_EV_IRQHandler
                0x0000000008001dcc                EXTI9_5_IRQHandler
                0x0000000008001dcc                RTC_WKUP_IRQHandler
                0x0000000008001dcc                ETH_WKUP_IRQHandler
                0x0000000008001dcc                SPI2_IRQHandler
                0x0000000008001dcc                OTG_HS_EP1_IN_IRQHandler
                0x0000000008001dcc                DMA1_Stream0_IRQHandler
                0x0000000008001dcc                CAN1_TX_IRQHandler
                0x0000000008001dcc                EXTI4_IRQHandler
                0x0000000008001dcc                FSMC_IRQHandler
                0x0000000008001dcc                ETH_IRQHandler
                0x0000000008001dcc                OTG_HS_EP1_OUT_IRQHandler
                0x0000000008001dcc                WWDG_IRQHandler
                0x0000000008001dcc                TIM2_IRQHandler
                0x0000000008001dcc                OTG_FS_WKUP_IRQHandler
                0x0000000008001dcc                TIM1_TRG_COM_TIM11_IRQHandler
                0x0000000008001dcc                OTG_HS_IRQHandler
                0x0000000008001dcc                EXTI1_IRQHandler
                0x0000000008001dcc                USART2_IRQHandler
                0x0000000008001dcc                I2C2_ER_IRQHandler
                0x0000000008001dcc                DMA2_Stream1_IRQHandler
                0x0000000008001dcc                CAN1_SCE_IRQHandler
                0x0000000008001dcc                FLASH_IRQHandler
                0x0000000008001dcc                DMA2_Stream4_IRQHandler
                0x0000000008001dcc                USART1_IRQHandler
                0x0000000008001dcc                OTG_FS_IRQHandler
                0x0000000008001dcc                SPI3_IRQHandler
                0x0000000008001dcc                DMA1_Stream4_IRQHandler
                0x0000000008001dcc                DMA2_Stream6_IRQHandler
                0x0000000008001dcc                DMA1_Stream3_IRQHandler
 *fill*         0x0000000008001dce        0x2 
 .text.HAL_Init
                0x0000000008001dd0       0x44 ./Drivers/STM32F4xx_HAL_Driver/Src/stm32f4xx_hal.o
                0x0000000008001dd0                HAL_Init
 .text.HAL_InitTick
                0x0000000008001e14       0x60 ./Drivers/STM32F4xx_HAL_Driver/Src/stm32f4xx_hal.o
                0x0000000008001e14                HAL_InitTick
 .text.HAL_IncTick
                0x0000000008001e74       0x28 ./Drivers/STM32F4xx_HAL_Driver/Src/stm32f4xx_hal.o
                0x0000000008001e74                HAL_IncTick
 .text.HAL_GetTick
                0x0000000008001e9c       0x18 ./Drivers/STM32F4xx_HAL_Driver/Src/stm32f4xx_hal.o
                0x0000000008001e9c                HAL_GetTick
 .text.HAL_Delay
                0x0000000008001eb4       0x48 ./Drivers/STM32F4xx_HAL_Driver/Src/stm32f4xx_hal.o
                0x0000000008001eb4                HAL_Delay
 .text.__NVIC_SetPriorityGrouping
                0x0000000008001efc       0x48 ./Drivers/STM32F4xx_HAL_Driver/Src/stm32f4xx_hal_cortex.o
 .text.__NVIC_GetPriorityGrouping
                0x0000000008001f44       0x1c ./Drivers/STM32F4xx_HAL_Driver/Src/stm32f4xx_hal_cortex.o
 .text.__NVIC_EnableIRQ
                0x0000000008001f60       0x3c ./Drivers/STM32F4xx_HAL_Driver/Src/stm32f4xx_hal_cortex.o
 .text.__NVIC_SetPriority
                0x0000000008001f9c       0x54 ./Drivers/STM32F4xx_HAL_Driver/Src/stm32f4xx_hal_cortex.o
 .text.NVIC_EncodePriority
                0x0000000008001ff0       0x66 ./Drivers/STM32F4xx_HAL_Driver/Src/stm32f4xx_hal_cortex.o
 *fill*         0x0000000008002056        0x2 
 .text.SysTick_Config
                0x0000000008002058       0x44 ./Drivers/STM32F4xx_HAL_Driver/Src/stm32f4xx_hal_cortex.o
 .text.HAL_NVIC_SetPriorityGrouping
                0x000000000800209c       0x16 ./Drivers/STM32F4xx_HAL_Driver/Src/stm32f4xx_hal_cortex.o
                0x000000000800209c                HAL_NVIC_SetPriorityGrouping
 .text.HAL_NVIC_SetPriority
                0x00000000080020b2       0x38 ./Drivers/STM32F4xx_HAL_Driver/Src/stm32f4xx_hal_cortex.o
                0x00000000080020b2                HAL_NVIC_SetPriority
 .text.HAL_NVIC_EnableIRQ
                0x00000000080020ea       0x1c ./Drivers/STM32F4xx_HAL_Driver/Src/stm32f4xx_hal_cortex.o
                0x00000000080020ea                HAL_NVIC_EnableIRQ
 .text.HAL_SYSTICK_Config
                0x0000000008002106       0x18 ./Drivers/STM32F4xx_HAL_Driver/Src/stm32f4xx_hal_cortex.o
                0x0000000008002106                HAL_SYSTICK_Config
 .text.HAL_DMA_Abort
                0x000000000800211e       0xe0 ./Drivers/STM32F4xx_HAL_Driver/Src/stm32f4xx_hal_dma.o
                0x000000000800211e                HAL_DMA_Abort
 .text.HAL_DMA_Abort_IT
                0x00000000080021fe       0x44 ./Drivers/STM32F4xx_HAL_Driver/Src/stm32f4xx_hal_dma.o
                0x00000000080021fe                HAL_DMA_Abort_IT
 .text.HAL_DMA_GetState
                0x0000000008002242       0x1c ./Drivers/STM32F4xx_HAL_Driver/Src/stm32f4xx_hal_dma.o
                0x0000000008002242                HAL_DMA_GetState
 *fill*         0x000000000800225e        0x2 
 .text.HAL_GPIO_Init
                0x0000000008002260      0x338 ./Drivers/STM32F4xx_HAL_Driver/Src/stm32f4xx_hal_gpio.o
                0x0000000008002260                HAL_GPIO_Init
 .text.HAL_GPIO_ReadPin
                0x0000000008002598       0x30 ./Drivers/STM32F4xx_HAL_Driver/Src/stm32f4xx_hal_gpio.o
                0x0000000008002598                HAL_GPIO_ReadPin
 .text.HAL_GPIO_WritePin
                0x00000000080025c8       0x32 ./Drivers/STM32F4xx_HAL_Driver/Src/stm32f4xx_hal_gpio.o
                0x00000000080025c8                HAL_GPIO_WritePin
 *fill*         0x00000000080025fa        0x2 
 .text.HAL_I2C_Init
                0x00000000080025fc      0x288 ./Drivers/STM32F4xx_HAL_Driver/Src/stm32f4xx_hal_i2c.o
                0x00000000080025fc                HAL_I2C_Init
 .text.HAL_I2C_Mem_Write
                0x0000000008002884      0x1f4 ./Drivers/STM32F4xx_HAL_Driver/Src/stm32f4xx_hal_i2c.o
                0x0000000008002884                HAL_I2C_Mem_Write
 .text.HAL_I2C_Mem_Write_IT
                0x0000000008002a78      0x164 ./Drivers/STM32F4xx_HAL_Driver/Src/stm32f4xx_hal_i2c.o
                0x0000000008002a78                HAL_I2C_Mem_Write_IT
 .text.HAL_I2C_Mem_Read_IT
                0x0000000008002bdc      0x17c ./Drivers/STM32F4xx_HAL_Driver/Src/stm32f4xx_hal_i2c.o
                0x0000000008002bdc                HAL_I2C_Mem_Read_IT
 .text.HAL_I2C_EV_IRQHandler
                0x0000000008002d58      0x2e2 ./Drivers/STM32F4xx_HAL_Driver/Src/stm32f4xx_hal_i2c.o
                0x0000000008002d58                HAL_I2C_EV_IRQHandler
 .text.HAL_I2C_ER_IRQHandler
                0x000000000800303a      0x14e ./Drivers/STM32F4xx_HAL_Driver/Src/stm32f4xx_hal_i2c.o
                0x000000000800303a                HAL_I2C_ER_IRQHandler
 .text.HAL_I2C_MasterTxCpltCallback
                0x0000000008003188       0x14 ./Drivers/STM32F4xx_HAL_Driver/Src/stm32f4xx_hal_i2c.o
                0x0000000008003188                HAL_I2C_MasterTxCpltCallback
 .text.HAL_I2C_MasterRxCpltCallback
                0x000000000800319c       0x14 ./Drivers/STM32F4xx_HAL_Driver/Src/stm32f4xx_hal_i2c.o
                0x000000000800319c                HAL_I2C_MasterRxCpltCallback
 .text.HAL_I2C_SlaveTxCpltCallback
                0x00000000080031b0       0x14 ./Drivers/STM32F4xx_HAL_Driver/Src/stm32f4xx_hal_i2c.o
                0x00000000080031b0                HAL_I2C_SlaveTxCpltCallback
 .text.HAL_I2C_SlaveRxCpltCallback
                0x00000000080031c4       0x14 ./Drivers/STM32F4xx_HAL_Driver/Src/stm32f4xx_hal_i2c.o
                0x00000000080031c4                HAL_I2C_SlaveRxCpltCallback
 .text.HAL_I2C_AddrCallback
                0x00000000080031d8       0x1c ./Drivers/STM32F4xx_HAL_Driver/Src/stm32f4xx_hal_i2c.o
                0x00000000080031d8                HAL_I2C_AddrCallback
 .text.HAL_I2C_ListenCpltCallback
                0x00000000080031f4       0x14 ./Drivers/STM32F4xx_HAL_Driver/Src/stm32f4xx_hal_i2c.o
                0x00000000080031f4                HAL_I2C_ListenCpltCallback
 .text.HAL_I2C_ErrorCallback
                0x0000000008003208       0x14 ./Drivers/STM32F4xx_HAL_Driver/Src/stm32f4xx_hal_i2c.o
                0x0000000008003208                HAL_I2C_ErrorCallback
 .text.HAL_I2C_AbortCpltCallback
                0x000000000800321c       0x14 ./Drivers/STM32F4xx_HAL_Driver/Src/stm32f4xx_hal_i2c.o
                0x000000000800321c                HAL_I2C_AbortCpltCallback
 .text.I2C_MasterTransmit_TXE
                0x0000000008003230      0x138 ./Drivers/STM32F4xx_HAL_Driver/Src/stm32f4xx_hal_i2c.o
 .text.I2C_MasterTransmit_BTF
                0x0000000008003368       0xec ./Drivers/STM32F4xx_HAL_Driver/Src/stm32f4xx_hal_i2c.o
 .text.I2C_MemoryTransmit_TXE_BTF
                0x0000000008003454      0x128 ./Drivers/STM32F4xx_HAL_Driver/Src/stm32f4xx_hal_i2c.o
 .text.I2C_MasterReceive_RXNE
                0x000000000800357c      0x162 ./Drivers/STM32F4xx_HAL_Driver/Src/stm32f4xx_hal_i2c.o
 .text.I2C_MasterReceive_BTF
                0x00000000080036de      0x1d4 ./Drivers/STM32F4xx_HAL_Driver/Src/stm32f4xx_hal_i2c.o
 .text.I2C_Master_SB
                0x00000000080038b2      0x10c ./Drivers/STM32F4xx_HAL_Driver/Src/stm32f4xx_hal_i2c.o
 .text.I2C_Master_ADD10
                0x00000000080039be       0x54 ./Drivers/STM32F4xx_HAL_Driver/Src/stm32f4xx_hal_i2c.o
 .text.I2C_Master_ADDR
                0x0000000008003a12      0x322 ./Drivers/STM32F4xx_HAL_Driver/Src/stm32f4xx_hal_i2c.o
 .text.I2C_SlaveTransmit_TXE
                0x0000000008003d34       0x7a ./Drivers/STM32F4xx_HAL_Driver/Src/stm32f4xx_hal_i2c.o
 .text.I2C_SlaveTransmit_BTF
                0x0000000008003dae       0x42 ./Drivers/STM32F4xx_HAL_Driver/Src/stm32f4xx_hal_i2c.o
 .text.I2C_SlaveReceive_RXNE
                0x0000000008003df0       0x7c ./Drivers/STM32F4xx_HAL_Driver/Src/stm32f4xx_hal_i2c.o
 .text.I2C_SlaveReceive_BTF
                0x0000000008003e6c       0x44 ./Drivers/STM32F4xx_HAL_Driver/Src/stm32f4xx_hal_i2c.o
 .text.I2C_Slave_ADDR
                0x0000000008003eb0       0x94 ./Drivers/STM32F4xx_HAL_Driver/Src/stm32f4xx_hal_i2c.o
 .text.I2C_Slave_STOPF
                0x0000000008003f44      0x260 ./Drivers/STM32F4xx_HAL_Driver/Src/stm32f4xx_hal_i2c.o
 .text.I2C_Slave_AF
                0x00000000080041a4       0xe0 ./Drivers/STM32F4xx_HAL_Driver/Src/stm32f4xx_hal_i2c.o
 .text.I2C_ITError
                0x0000000008004284      0x264 ./Drivers/STM32F4xx_HAL_Driver/Src/stm32f4xx_hal_i2c.o
 .text.I2C_RequestMemoryWrite
                0x00000000080044e8      0x12c ./Drivers/STM32F4xx_HAL_Driver/Src/stm32f4xx_hal_i2c.o
 .text.I2C_DMAAbort
                0x0000000008004614      0x150 ./Drivers/STM32F4xx_HAL_Driver/Src/stm32f4xx_hal_i2c.o
 .text.I2C_WaitOnFlagUntilTimeout
                0x0000000008004764       0xae ./Drivers/STM32F4xx_HAL_Driver/Src/stm32f4xx_hal_i2c.o
 .text.I2C_WaitOnMasterAddressFlagUntilTimeout
                0x0000000008004812       0xfe ./Drivers/STM32F4xx_HAL_Driver/Src/stm32f4xx_hal_i2c.o
 .text.I2C_WaitOnTXEFlagUntilTimeout
                0x0000000008004910       0x82 ./Drivers/STM32F4xx_HAL_Driver/Src/stm32f4xx_hal_i2c.o
 .text.I2C_WaitOnBTFFlagUntilTimeout
                0x0000000008004992       0x82 ./Drivers/STM32F4xx_HAL_Driver/Src/stm32f4xx_hal_i2c.o
 .text.I2C_WaitOnSTOPRequestThroughIT
                0x0000000008004a14       0x64 ./Drivers/STM32F4xx_HAL_Driver/Src/stm32f4xx_hal_i2c.o
 .text.I2C_IsAcknowledgeFailed
                0x0000000008004a78       0x5e ./Drivers/STM32F4xx_HAL_Driver/Src/stm32f4xx_hal_i2c.o
 .text.I2C_ConvertOtherXferOptions
                0x0000000008004ad6       0x36 ./Drivers/STM32F4xx_HAL_Driver/Src/stm32f4xx_hal_i2c.o
 .text.HAL_RCC_OscConfig
                0x0000000008004b0c      0x4f0 ./Drivers/STM32F4xx_HAL_Driver/Src/stm32f4xx_hal_rcc.o
                0x0000000008004b0c                HAL_RCC_OscConfig
 .text.HAL_RCC_ClockConfig
                0x0000000008004ffc      0x1cc ./Drivers/STM32F4xx_HAL_Driver/Src/stm32f4xx_hal_rcc.o
                0x0000000008004ffc                HAL_RCC_ClockConfig
 .text.HAL_RCC_GetSysClockFreq
                0x00000000080051c8      0x16c ./Drivers/STM32F4xx_HAL_Driver/Src/stm32f4xx_hal_rcc.o
                0x00000000080051c8                HAL_RCC_GetSysClockFreq
 .text.HAL_RCC_GetHCLKFreq
                0x0000000008005334       0x18 ./Drivers/STM32F4xx_HAL_Driver/Src/stm32f4xx_hal_rcc.o
                0x0000000008005334                HAL_RCC_GetHCLKFreq
 .text.HAL_RCC_GetPCLK1Freq
                0x000000000800534c       0x28 ./Drivers/STM32F4xx_HAL_Driver/Src/stm32f4xx_hal_rcc.o
                0x000000000800534c                HAL_RCC_GetPCLK1Freq
 .text.HAL_RCC_GetPCLK2Freq
                0x0000000008005374       0x28 ./Drivers/STM32F4xx_HAL_Driver/Src/stm32f4xx_hal_rcc.o
                0x0000000008005374                HAL_RCC_GetPCLK2Freq
 .text.HAL_TIM_Base_Init
                0x000000000800539c       0x9e ./Drivers/STM32F4xx_HAL_Driver/Src/stm32f4xx_hal_tim.o
                0x000000000800539c                HAL_TIM_Base_Init
 *fill*         0x000000000800543a        0x2 
 .text.HAL_TIM_Base_Start_IT
                0x000000000800543c       0xe0 ./Drivers/STM32F4xx_HAL_Driver/Src/stm32f4xx_hal_tim.o
                0x000000000800543c                HAL_TIM_Base_Start_IT
 .text.HAL_TIM_OC_Start
                0x000000000800551c      0x190 ./Drivers/STM32F4xx_HAL_Driver/Src/stm32f4xx_hal_tim.o
                0x000000000800551c                HAL_TIM_OC_Start
 .text.HAL_TIM_PWM_Init
                0x00000000080056ac       0x9e ./Drivers/STM32F4xx_HAL_Driver/Src/stm32f4xx_hal_tim.o
                0x00000000080056ac                HAL_TIM_PWM_Init
 .text.HAL_TIM_IRQHandler
                0x000000000800574a      0x210 ./Drivers/STM32F4xx_HAL_Driver/Src/stm32f4xx_hal_tim.o
                0x000000000800574a                HAL_TIM_IRQHandler
 *fill*         0x000000000800595a        0x2 
 .text.HAL_TIM_PWM_ConfigChannel
                0x000000000800595c      0x184 ./Drivers/STM32F4xx_HAL_Driver/Src/stm32f4xx_hal_tim.o
                0x000000000800595c                HAL_TIM_PWM_ConfigChannel
 .text.HAL_TIM_PeriodElapsedCallback
                0x0000000008005ae0       0x14 ./Drivers/STM32F4xx_HAL_Driver/Src/stm32f4xx_hal_tim.o
                0x0000000008005ae0                HAL_TIM_PeriodElapsedCallback
 .text.HAL_TIM_OC_DelayElapsedCallback
                0x0000000008005af4       0x14 ./Drivers/STM32F4xx_HAL_Driver/Src/stm32f4xx_hal_tim.o
                0x0000000008005af4                HAL_TIM_OC_DelayElapsedCallback
 .text.HAL_TIM_IC_CaptureCallback
                0x0000000008005b08       0x14 ./Drivers/STM32F4xx_HAL_Driver/Src/stm32f4xx_hal_tim.o
                0x0000000008005b08                HAL_TIM_IC_CaptureCallback
 .text.HAL_TIM_PWM_PulseFinishedCallback
                0x0000000008005b1c       0x14 ./Drivers/STM32F4xx_HAL_Driver/Src/stm32f4xx_hal_tim.o
                0x0000000008005b1c                HAL_TIM_PWM_PulseFinishedCallback
 .text.HAL_TIM_TriggerCallback
                0x0000000008005b30       0x14 ./Drivers/STM32F4xx_HAL_Driver/Src/stm32f4xx_hal_tim.o
                0x0000000008005b30                HAL_TIM_TriggerCallback
 .text.TIM_Base_SetConfig
                0x0000000008005b44      0x140 ./Drivers/STM32F4xx_HAL_Driver/Src/stm32f4xx_hal_tim.o
                0x0000000008005b44                TIM_Base_SetConfig
 .text.TIM_OC1_SetConfig
                0x0000000008005c84       0xe0 ./Drivers/STM32F4xx_HAL_Driver/Src/stm32f4xx_hal_tim.o
 .text.TIM_OC2_SetConfig
                0x0000000008005d64       0xec ./Drivers/STM32F4xx_HAL_Driver/Src/stm32f4xx_hal_tim.o
                0x0000000008005d64                TIM_OC2_SetConfig
 .text.TIM_OC3_SetConfig
                0x0000000008005e50       0xe8 ./Drivers/STM32F4xx_HAL_Driver/Src/stm32f4xx_hal_tim.o
 .text.TIM_OC4_SetConfig
                0x0000000008005f38       0xac ./Drivers/STM32F4xx_HAL_Driver/Src/stm32f4xx_hal_tim.o
 .text.TIM_CCxChannelCmd
                0x0000000008005fe4       0x4a ./Drivers/STM32F4xx_HAL_Driver/Src/stm32f4xx_hal_tim.o
                0x0000000008005fe4                TIM_CCxChannelCmd
 *fill*         0x000000000800602e        0x2 
 .text.HAL_TIMEx_MasterConfigSynchronization
                0x0000000008006030       0xf8 ./Drivers/STM32F4xx_HAL_Driver/Src/stm32f4xx_hal_tim_ex.o
                0x0000000008006030                HAL_TIMEx_MasterConfigSynchronization
 .text.HAL_TIMEx_CommutCallback
                0x0000000008006128       0x14 ./Drivers/STM32F4xx_HAL_Driver/Src/stm32f4xx_hal_tim_ex.o
                0x0000000008006128                HAL_TIMEx_CommutCallback
 .text.HAL_TIMEx_BreakCallback
                0x000000000800613c       0x14 ./Drivers/STM32F4xx_HAL_Driver/Src/stm32f4xx_hal_tim_ex.o
                0x000000000800613c                HAL_TIMEx_BreakCallback
 .text.HAL_UART_Init
                0x0000000008006150       0x9a ./Drivers/STM32F4xx_HAL_Driver/Src/stm32f4xx_hal_uart.o
                0x0000000008006150                HAL_UART_Init
 .text.HAL_UART_Transmit
                0x00000000080061ea      0x124 ./Drivers/STM32F4xx_HAL_Driver/Src/stm32f4xx_hal_uart.o
                0x00000000080061ea                HAL_UART_Transmit
 *fill*         0x000000000800630e        0x2 
 .text.HAL_UART_IRQHandler
                0x0000000008006310      0x51c ./Drivers/STM32F4xx_HAL_Driver/Src/stm32f4xx_hal_uart.o
                0x0000000008006310                HAL_UART_IRQHandler
 .text.HAL_UART_TxCpltCallback
                0x000000000800682c       0x14 ./Drivers/STM32F4xx_HAL_Driver/Src/stm32f4xx_hal_uart.o
                0x000000000800682c                HAL_UART_TxCpltCallback
 .text.HAL_UART_RxCpltCallback
                0x0000000008006840       0x14 ./Drivers/STM32F4xx_HAL_Driver/Src/stm32f4xx_hal_uart.o
                0x0000000008006840                HAL_UART_RxCpltCallback
 .text.HAL_UART_ErrorCallback
                0x0000000008006854       0x14 ./Drivers/STM32F4xx_HAL_Driver/Src/stm32f4xx_hal_uart.o
                0x0000000008006854                HAL_UART_ErrorCallback
 .text.HAL_UARTEx_RxEventCallback
                0x0000000008006868       0x18 ./Drivers/STM32F4xx_HAL_Driver/Src/stm32f4xx_hal_uart.o
                0x0000000008006868                HAL_UARTEx_RxEventCallback
 .text.UART_WaitOnFlagUntilTimeout
                0x0000000008006880       0xdc ./Drivers/STM32F4xx_HAL_Driver/Src/stm32f4xx_hal_uart.o
 .text.UART_EndRxTransfer
                0x000000000800695c       0xc6 ./Drivers/STM32F4xx_HAL_Driver/Src/stm32f4xx_hal_uart.o
 .text.UART_DMAAbortOnError
                0x0000000008006a22       0x28 ./Drivers/STM32F4xx_HAL_Driver/Src/stm32f4xx_hal_uart.o
 .text.UART_Transmit_IT
                0x0000000008006a4a       0xa0 ./Drivers/STM32F4xx_HAL_Driver/Src/stm32f4xx_hal_uart.o
 .text.UART_EndTransmit_IT
                0x0000000008006aea       0x30 ./Drivers/STM32F4xx_HAL_Driver/Src/stm32f4xx_hal_uart.o
 .text.UART_Receive_IT
                0x0000000008006b1a      0x176 ./Drivers/STM32F4xx_HAL_Driver/Src/stm32f4xx_hal_uart.o
 .text.UART_SetConfig
                0x0000000008006c90      0x390 ./Drivers/STM32F4xx_HAL_Driver/Src/stm32f4xx_hal_uart.o
 .text.__errno  0x0000000008007020        0xc c:/st/stm32cubeide_1.7.0/stm32cubeide/plugins/com.st.stm32cube.ide.mcu.externaltools.gnu-tools-for-stm32.9-2020-q2-update.win32_2.0.0.202105311346/tools/bin/../lib/gcc/arm-none-eabi/9.3.1/../../../../arm-none-eabi/lib/thumb/v7e-m+fp/hard\libc_nano.a(lib_a-errno.o)
                0x0000000008007020                __errno
 .text.__libc_init_array
                0x000000000800702c       0x48 c:/st/stm32cubeide_1.7.0/stm32cubeide/plugins/com.st.stm32cube.ide.mcu.externaltools.gnu-tools-for-stm32.9-2020-q2-update.win32_2.0.0.202105311346/tools/bin/../lib/gcc/arm-none-eabi/9.3.1/../../../../arm-none-eabi/lib/thumb/v7e-m+fp/hard\libc_nano.a(lib_a-init.o)
                0x000000000800702c                __libc_init_array
 .text.memset   0x0000000008007074       0x10 c:/st/stm32cubeide_1.7.0/stm32cubeide/plugins/com.st.stm32cube.ide.mcu.externaltools.gnu-tools-for-stm32.9-2020-q2-update.win32_2.0.0.202105311346/tools/bin/../lib/gcc/arm-none-eabi/9.3.1/../../../../arm-none-eabi/lib/thumb/v7e-m+fp/hard\libc_nano.a(lib_a-memset.o)
                0x0000000008007074                memset
 .text.snprintf
                0x0000000008007084       0x68 c:/st/stm32cubeide_1.7.0/stm32cubeide/plugins/com.st.stm32cube.ide.mcu.externaltools.gnu-tools-for-stm32.9-2020-q2-update.win32_2.0.0.202105311346/tools/bin/../lib/gcc/arm-none-eabi/9.3.1/../../../../arm-none-eabi/lib/thumb/v7e-m+fp/hard\libc_nano.a(lib_a-snprintf.o)
                0x0000000008007084                sniprintf
                0x0000000008007084                snprintf
 .text.sprintf  0x00000000080070ec       0x40 c:/st/stm32cubeide_1.7.0/stm32cubeide/plugins/com.st.stm32cube.ide.mcu.externaltools.gnu-tools-for-stm32.9-2020-q2-update.win32_2.0.0.202105311346/tools/bin/../lib/gcc/arm-none-eabi/9.3.1/../../../../arm-none-eabi/lib/thumb/v7e-m+fp/hard\libc_nano.a(lib_a-sprintf.o)
                0x00000000080070ec                siprintf
                0x00000000080070ec                sprintf
 .text.__ssputs_r
                0x000000000800712c       0xb6 c:/st/stm32cubeide_1.7.0/stm32cubeide/plugins/com.st.stm32cube.ide.mcu.externaltools.gnu-tools-for-stm32.9-2020-q2-update.win32_2.0.0.202105311346/tools/bin/../lib/gcc/arm-none-eabi/9.3.1/../../../../arm-none-eabi/lib/thumb/v7e-m+fp/hard\libc_nano.a(lib_a-nano-svfprintf.o)
                0x000000000800712c                __ssputs_r
 *fill*         0x00000000080071e2        0x2 
 .text._svfprintf_r
                0x00000000080071e4      0x200 c:/st/stm32cubeide_1.7.0/stm32cubeide/plugins/com.st.stm32cube.ide.mcu.externaltools.gnu-tools-for-stm32.9-2020-q2-update.win32_2.0.0.202105311346/tools/bin/../lib/gcc/arm-none-eabi/9.3.1/../../../../arm-none-eabi/lib/thumb/v7e-m+fp/hard\libc_nano.a(lib_a-nano-svfprintf.o)
                0x00000000080071e4                _svfiprintf_r
                0x00000000080071e4                _svfprintf_r
 .text._printf_common
                0x00000000080073e4       0xda c:/st/stm32cubeide_1.7.0/stm32cubeide/plugins/com.st.stm32cube.ide.mcu.externaltools.gnu-tools-for-stm32.9-2020-q2-update.win32_2.0.0.202105311346/tools/bin/../lib/gcc/arm-none-eabi/9.3.1/../../../../arm-none-eabi/lib/thumb/v7e-m+fp/hard\libc_nano.a(lib_a-nano-vfprintf_i.o)
                0x00000000080073e4                _printf_common
 *fill*         0x00000000080074be        0x2 
 .text._printf_i
                0x00000000080074c0      0x24c c:/st/stm32cubeide_1.7.0/stm32cubeide/plugins/com.st.stm32cube.ide.mcu.externaltools.gnu-tools-for-stm32.9-2020-q2-update.win32_2.0.0.202105311346/tools/bin/../lib/gcc/arm-none-eabi/9.3.1/../../../../arm-none-eabi/lib/thumb/v7e-m+fp/hard\libc_nano.a(lib_a-nano-vfprintf_i.o)
                0x00000000080074c0                _printf_i
 .text.memcpy   0x000000000800770c       0x1c c:/st/stm32cubeide_1.7.0/stm32cubeide/plugins/com.st.stm32cube.ide.mcu.externaltools.gnu-tools-for-stm32.9-2020-q2-update.win32_2.0.0.202105311346/tools/bin/../lib/gcc/arm-none-eabi/9.3.1/../../../../arm-none-eabi/lib/thumb/v7e-m+fp/hard\libc_nano.a(lib_a-memcpy-stub.o)
                0x000000000800770c                memcpy
 .text.memmove  0x0000000008007728       0x34 c:/st/stm32cubeide_1.7.0/stm32cubeide/plugins/com.st.stm32cube.ide.mcu.externaltools.gnu-tools-for-stm32.9-2020-q2-update.win32_2.0.0.202105311346/tools/bin/../lib/gcc/arm-none-eabi/9.3.1/../../../../arm-none-eabi/lib/thumb/v7e-m+fp/hard\libc_nano.a(lib_a-memmove.o)
                0x0000000008007728                memmove
 .text._free_r  0x000000000800775c       0xa0 c:/st/stm32cubeide_1.7.0/stm32cubeide/plugins/com.st.stm32cube.ide.mcu.externaltools.gnu-tools-for-stm32.9-2020-q2-update.win32_2.0.0.202105311346/tools/bin/../lib/gcc/arm-none-eabi/9.3.1/../../../../arm-none-eabi/lib/thumb/v7e-m+fp/hard\libc_nano.a(lib_a-nano-freer.o)
                0x000000000800775c                _free_r
 .text._malloc_r
                0x00000000080077fc       0xb4 c:/st/stm32cubeide_1.7.0/stm32cubeide/plugins/com.st.stm32cube.ide.mcu.externaltools.gnu-tools-for-stm32.9-2020-q2-update.win32_2.0.0.202105311346/tools/bin/../lib/gcc/arm-none-eabi/9.3.1/../../../../arm-none-eabi/lib/thumb/v7e-m+fp/hard\libc_nano.a(lib_a-nano-mallocr.o)
                0x00000000080077fc                _malloc_r
 .text._realloc_r
                0x00000000080078b0       0x4c c:/st/stm32cubeide_1.7.0/stm32cubeide/plugins/com.st.stm32cube.ide.mcu.externaltools.gnu-tools-for-stm32.9-2020-q2-update.win32_2.0.0.202105311346/tools/bin/../lib/gcc/arm-none-eabi/9.3.1/../../../../arm-none-eabi/lib/thumb/v7e-m+fp/hard\libc_nano.a(lib_a-nano-reallocr.o)
                0x00000000080078b0                _realloc_r
 .text._sbrk_r  0x00000000080078fc       0x20 c:/st/stm32cubeide_1.7.0/stm32cubeide/plugins/com.st.stm32cube.ide.mcu.externaltools.gnu-tools-for-stm32.9-2020-q2-update.win32_2.0.0.202105311346/tools/bin/../lib/gcc/arm-none-eabi/9.3.1/../../../../arm-none-eabi/lib/thumb/v7e-m+fp/hard\libc_nano.a(lib_a-sbrkr.o)
                0x00000000080078fc                _sbrk_r
 .text.__malloc_lock
                0x000000000800791c        0xc c:/st/stm32cubeide_1.7.0/stm32cubeide/plugins/com.st.stm32cube.ide.mcu.externaltools.gnu-tools-for-stm32.9-2020-q2-update.win32_2.0.0.202105311346/tools/bin/../lib/gcc/arm-none-eabi/9.3.1/../../../../arm-none-eabi/lib/thumb/v7e-m+fp/hard\libc_nano.a(lib_a-mlock.o)
                0x000000000800791c                __malloc_lock
 .text.__malloc_unlock
                0x0000000008007928        0xc c:/st/stm32cubeide_1.7.0/stm32cubeide/plugins/com.st.stm32cube.ide.mcu.externaltools.gnu-tools-for-stm32.9-2020-q2-update.win32_2.0.0.202105311346/tools/bin/../lib/gcc/arm-none-eabi/9.3.1/../../../../arm-none-eabi/lib/thumb/v7e-m+fp/hard\libc_nano.a(lib_a-mlock.o)
                0x0000000008007928                __malloc_unlock
 .text._malloc_usable_size_r
                0x0000000008007934       0x10 c:/st/stm32cubeide_1.7.0/stm32cubeide/plugins/com.st.stm32cube.ide.mcu.externaltools.gnu-tools-for-stm32.9-2020-q2-update.win32_2.0.0.202105311346/tools/bin/../lib/gcc/arm-none-eabi/9.3.1/../../../../arm-none-eabi/lib/thumb/v7e-m+fp/hard\libc_nano.a(lib_a-nano-msizer.o)
                0x0000000008007934                _malloc_usable_size_r
 .text.__retarget_lock_acquire_recursive
                0x0000000008007944        0x2 c:/st/stm32cubeide_1.7.0/stm32cubeide/plugins/com.st.stm32cube.ide.mcu.externaltools.gnu-tools-for-stm32.9-2020-q2-update.win32_2.0.0.202105311346/tools/bin/../lib/gcc/arm-none-eabi/9.3.1/../../../../arm-none-eabi/lib/thumb/v7e-m+fp/hard\libc_nano.a(lib_a-lock.o)
                0x0000000008007944                __retarget_lock_acquire_recursive
 .text.__retarget_lock_release_recursive
                0x0000000008007946        0x2 c:/st/stm32cubeide_1.7.0/stm32cubeide/plugins/com.st.stm32cube.ide.mcu.externaltools.gnu-tools-for-stm32.9-2020-q2-update.win32_2.0.0.202105311346/tools/bin/../lib/gcc/arm-none-eabi/9.3.1/../../../../arm-none-eabi/lib/thumb/v7e-m+fp/hard\libc_nano.a(lib_a-lock.o)
                0x0000000008007946                __retarget_lock_release_recursive
 *(.glue_7)
 .glue_7        0x0000000008007948        0x0 linker stubs
 *(.glue_7t)
 .glue_7t       0x0000000008007948        0x0 linker stubs
 *(.eh_frame)
 .eh_frame      0x0000000008007948        0x0 c:/st/stm32cubeide_1.7.0/stm32cubeide/plugins/com.st.stm32cube.ide.mcu.externaltools.gnu-tools-for-stm32.9-2020-q2-update.win32_2.0.0.202105311346/tools/bin/../lib/gcc/arm-none-eabi/9.3.1/thumb/v7e-m+fp/hard/crtbegin.o
 *(.init)
 .init          0x0000000008007948        0x4 c:/st/stm32cubeide_1.7.0/stm32cubeide/plugins/com.st.stm32cube.ide.mcu.externaltools.gnu-tools-for-stm32.9-2020-q2-update.win32_2.0.0.202105311346/tools/bin/../lib/gcc/arm-none-eabi/9.3.1/thumb/v7e-m+fp/hard/crti.o
                0x0000000008007948                _init
 .init          0x000000000800794c        0x8 c:/st/stm32cubeide_1.7.0/stm32cubeide/plugins/com.st.stm32cube.ide.mcu.externaltools.gnu-tools-for-stm32.9-2020-q2-update.win32_2.0.0.202105311346/tools/bin/../lib/gcc/arm-none-eabi/9.3.1/thumb/v7e-m+fp/hard/crtn.o
 *(.fini)
 .fini          0x0000000008007954        0x4 c:/st/stm32cubeide_1.7.0/stm32cubeide/plugins/com.st.stm32cube.ide.mcu.externaltools.gnu-tools-for-stm32.9-2020-q2-update.win32_2.0.0.202105311346/tools/bin/../lib/gcc/arm-none-eabi/9.3.1/thumb/v7e-m+fp/hard/crti.o
                0x0000000008007954                _fini
 .fini          0x0000000008007958        0x8 c:/st/stm32cubeide_1.7.0/stm32cubeide/plugins/com.st.stm32cube.ide.mcu.externaltools.gnu-tools-for-stm32.9-2020-q2-update.win32_2.0.0.202105311346/tools/bin/../lib/gcc/arm-none-eabi/9.3.1/thumb/v7e-m+fp/hard/crtn.o
                0x0000000008007960                . = ALIGN (0x4)
                0x0000000008007960                _etext = .

.vfp11_veneer   0x0000000008007960        0x0
 .vfp11_veneer  0x0000000008007960        0x0 linker stubs

.v4_bx          0x0000000008007960        0x0
 .v4_bx         0x0000000008007960        0x0 linker stubs

.iplt           0x0000000008007960        0x0
 .iplt          0x0000000008007960        0x0 c:/st/stm32cubeide_1.7.0/stm32cubeide/plugins/com.st.stm32cube.ide.mcu.externaltools.gnu-tools-for-stm32.9-2020-q2-update.win32_2.0.0.202105311346/tools/bin/../lib/gcc/arm-none-eabi/9.3.1/thumb/v7e-m+fp/hard/crtbegin.o

.rodata         0x0000000008007960      0xb0c
                0x0000000008007960                . = ALIGN (0x4)
 *(.rodata)
 .rodata        0x0000000008007960      0x100 ./Core/Src/kb.o
 .rodata        0x0000000008007a60      0x250 ./Core/Src/main.o
 *(.rodata*)
 .rodata.Font7x10
                0x0000000008007cb0      0x76c ./Core/Src/fonts.o
 .rodata.rows.9690
                0x000000000800841c        0x4 ./Core/Src/main.o
 .rodata.AHBPrescTable
                0x0000000008008420       0x10 ./Core/Src/system_stm32f4xx.o
                0x0000000008008420                AHBPrescTable
 .rodata.APBPrescTable
                0x0000000008008430        0x8 ./Core/Src/system_stm32f4xx.o
                0x0000000008008430                APBPrescTable
 .rodata._svfprintf_r.str1.1
                0x0000000008008438       0x11 c:/st/stm32cubeide_1.7.0/stm32cubeide/plugins/com.st.stm32cube.ide.mcu.externaltools.gnu-tools-for-stm32.9-2020-q2-update.win32_2.0.0.202105311346/tools/bin/../lib/gcc/arm-none-eabi/9.3.1/../../../../arm-none-eabi/lib/thumb/v7e-m+fp/hard\libc_nano.a(lib_a-nano-svfprintf.o)
 .rodata._printf_i.str1.1
                0x0000000008008449       0x22 c:/st/stm32cubeide_1.7.0/stm32cubeide/plugins/com.st.stm32cube.ide.mcu.externaltools.gnu-tools-for-stm32.9-2020-q2-update.win32_2.0.0.202105311346/tools/bin/../lib/gcc/arm-none-eabi/9.3.1/../../../../arm-none-eabi/lib/thumb/v7e-m+fp/hard\libc_nano.a(lib_a-nano-vfprintf_i.o)
                0x000000000800846c                . = ALIGN (0x4)
 *fill*         0x000000000800846b        0x1 

.ARM.extab      0x000000000800846c        0x0
                0x000000000800846c                . = ALIGN (0x4)
 *(.ARM.extab* .gnu.linkonce.armextab.*)
                0x000000000800846c                . = ALIGN (0x4)

.ARM            0x000000000800846c        0x8
                0x000000000800846c                . = ALIGN (0x4)
                0x000000000800846c                __exidx_start = .
 *(.ARM.exidx*)
 .ARM.exidx     0x000000000800846c        0x8 c:/st/stm32cubeide_1.7.0/stm32cubeide/plugins/com.st.stm32cube.ide.mcu.externaltools.gnu-tools-for-stm32.9-2020-q2-update.win32_2.0.0.202105311346/tools/bin/../lib/gcc/arm-none-eabi/9.3.1/thumb/v7e-m+fp/hard\libgcc.a(_udivmoddi4.o)
                0x0000000008008474                __exidx_end = .
                0x0000000008008474                . = ALIGN (0x4)

.rel.dyn        0x0000000008008474        0x0
 .rel.iplt      0x0000000008008474        0x0 c:/st/stm32cubeide_1.7.0/stm32cubeide/plugins/com.st.stm32cube.ide.mcu.externaltools.gnu-tools-for-stm32.9-2020-q2-update.win32_2.0.0.202105311346/tools/bin/../lib/gcc/arm-none-eabi/9.3.1/thumb/v7e-m+fp/hard/crtbegin.o

.preinit_array  0x0000000008008474        0x0
                0x0000000008008474                . = ALIGN (0x4)
                0x0000000008008474                PROVIDE (__preinit_array_start = .)
 *(.preinit_array*)
                0x0000000008008474                PROVIDE (__preinit_array_end = .)
                0x0000000008008474                . = ALIGN (0x4)

.init_array     0x0000000008008474        0x4
                0x0000000008008474                . = ALIGN (0x4)
                0x0000000008008474                PROVIDE (__init_array_start = .)
 *(SORT_BY_NAME(.init_array.*))
 *(.init_array*)
 .init_array    0x0000000008008474        0x4 c:/st/stm32cubeide_1.7.0/stm32cubeide/plugins/com.st.stm32cube.ide.mcu.externaltools.gnu-tools-for-stm32.9-2020-q2-update.win32_2.0.0.202105311346/tools/bin/../lib/gcc/arm-none-eabi/9.3.1/thumb/v7e-m+fp/hard/crtbegin.o
                0x0000000008008478                PROVIDE (__init_array_end = .)
                0x0000000008008478                . = ALIGN (0x4)

.fini_array     0x0000000008008478        0x4
                0x0000000008008478                . = ALIGN (0x4)
                [!provide]                        PROVIDE (__fini_array_start = .)
 *(SORT_BY_NAME(.fini_array.*))
 *(.fini_array*)
 .fini_array    0x0000000008008478        0x4 c:/st/stm32cubeide_1.7.0/stm32cubeide/plugins/com.st.stm32cube.ide.mcu.externaltools.gnu-tools-for-stm32.9-2020-q2-update.win32_2.0.0.202105311346/tools/bin/../lib/gcc/arm-none-eabi/9.3.1/thumb/v7e-m+fp/hard/crtbegin.o
                [!provide]                        PROVIDE (__fini_array_end = .)
                0x000000000800847c                . = ALIGN (0x4)
                0x000000000800847c                _sidata = LOADADDR (.data)

.data           0x0000000020000000      0x3d8 load address 0x000000000800847c
                0x0000000020000000                . = ALIGN (0x4)
                0x0000000020000000                _sdata = .
 *(.data)
 *(.data*)
 .data.Font_7x10
                0x0000000020000000        0x8 ./Core/Src/fonts.o
                0x0000000020000000                Font_7x10
 .data.mode0    0x0000000020000008       0x10 ./Core/Src/main.o
                0x0000000020000008                mode0
 .data.mode1    0x0000000020000018       0x14 ./Core/Src/main.o
                0x0000000020000018                mode1
 .data.isFirst  0x000000002000002c        0x2 ./Core/Src/main.o
                0x000000002000002c                isFirst
 .data.isJustReset
                0x000000002000002e        0x2 ./Core/Src/main.o
                0x000000002000002e                isJustReset
 .data.operation
                0x0000000020000030        0x1 ./Core/Src/main.o
                0x0000000020000030                operation
 *fill*         0x0000000020000031        0x3 
 .data.calcChars
                0x0000000020000034        0xb ./Core/Src/main.o
                0x0000000020000034                calcChars
 *fill*         0x000000002000003f        0x1 
 .data.calcCharsOperations
                0x0000000020000040        0x6 ./Core/Src/main.o
                0x0000000020000040                calcCharsOperations
 *fill*         0x0000000020000046        0x2 
 .data.errorMessage
                0x0000000020000048        0x6 ./Core/Src/main.o
                0x0000000020000048                errorMessage
 *fill*         0x000000002000004e        0x2 
 .data.errorMessageDiv
                0x0000000020000050       0x14 ./Core/Src/main.o
                0x0000000020000050                errorMessageDiv
 .data.TEMPO_AHA
                0x0000000020000064        0x4 ./Core/Src/main.o
                0x0000000020000064                TEMPO_AHA
 .data.melody_AHA
                0x0000000020000068      0x300 ./Core/Src/main.o
                0x0000000020000068                melody_AHA
 .data.SystemCoreClock
                0x0000000020000368        0x4 ./Core/Src/system_stm32f4xx.o
                0x0000000020000368                SystemCoreClock
 .data.uwTickPrio
                0x000000002000036c        0x4 ./Drivers/STM32F4xx_HAL_Driver/Src/stm32f4xx_hal.o
                0x000000002000036c                uwTickPrio
 .data.uwTickFreq
                0x0000000020000370        0x1 ./Drivers/STM32F4xx_HAL_Driver/Src/stm32f4xx_hal.o
                0x0000000020000370                uwTickFreq
 *fill*         0x0000000020000371        0x3 
 .data._impure_ptr
                0x0000000020000374        0x4 c:/st/stm32cubeide_1.7.0/stm32cubeide/plugins/com.st.stm32cube.ide.mcu.externaltools.gnu-tools-for-stm32.9-2020-q2-update.win32_2.0.0.202105311346/tools/bin/../lib/gcc/arm-none-eabi/9.3.1/../../../../arm-none-eabi/lib/thumb/v7e-m+fp/hard\libc_nano.a(lib_a-impure.o)
                0x0000000020000374                _impure_ptr
 .data.impure_data
                0x0000000020000378       0x60 c:/st/stm32cubeide_1.7.0/stm32cubeide/plugins/com.st.stm32cube.ide.mcu.externaltools.gnu-tools-for-stm32.9-2020-q2-update.win32_2.0.0.202105311346/tools/bin/../lib/gcc/arm-none-eabi/9.3.1/../../../../arm-none-eabi/lib/thumb/v7e-m+fp/hard\libc_nano.a(lib_a-impure.o)
 *(.RamFunc)
 *(.RamFunc*)
                0x00000000200003d8                . = ALIGN (0x4)
                0x00000000200003d8                _edata = .
                0x0000000008008854                _siccmram = LOADADDR (.ccmram)

.igot.plt       0x00000000200003d8        0x0 load address 0x0000000008008854
 .igot.plt      0x00000000200003d8        0x0 c:/st/stm32cubeide_1.7.0/stm32cubeide/plugins/com.st.stm32cube.ide.mcu.externaltools.gnu-tools-for-stm32.9-2020-q2-update.win32_2.0.0.202105311346/tools/bin/../lib/gcc/arm-none-eabi/9.3.1/thumb/v7e-m+fp/hard/crtbegin.o

.ccmram         0x0000000010000000        0x0 load address 0x0000000008008854
                0x0000000010000000                . = ALIGN (0x4)
                0x0000000010000000                _sccmram = .
 *(.ccmram)
 *(.ccmram*)
                0x0000000010000000                . = ALIGN (0x4)
                0x0000000010000000                _eccmram = .
                0x0000000010000000                . = ALIGN (0x4)

.bss            0x00000000200003d8      0x768
                0x00000000200003d8                _sbss = .
                0x00000000200003d8                __bss_start__ = _sbss
 *(.bss)
 .bss           0x00000000200003d8       0x1c c:/st/stm32cubeide_1.7.0/stm32cubeide/plugins/com.st.stm32cube.ide.mcu.externaltools.gnu-tools-for-stm32.9-2020-q2-update.win32_2.0.0.202105311346/tools/bin/../lib/gcc/arm-none-eabi/9.3.1/thumb/v7e-m+fp/hard/crtbegin.o
 *(.bss*)
 .bss.ks_state  0x00000000200003f4        0x4 ./Core/Src/kb.o
                0x00000000200003f4                ks_state
 .bss.ks_result
                0x00000000200003f8        0x1 ./Core/Src/kb.o
                0x00000000200003f8                ks_result
 .bss.ks_current_row
                0x00000000200003f9        0x1 ./Core/Src/kb.o
                0x00000000200003f9                ks_current_row
 *fill*         0x00000000200003fa        0x2 
 .bss.buf.9520  0x00000000200003fc        0x4 ./Core/Src/kb.o
 .bss.write_pointer
                0x0000000020000400        0x4 ./Core/Src/main.o
                0x0000000020000400                write_pointer
 .bss.read_pointer
                0x0000000020000404        0x4 ./Core/Src/main.o
                0x0000000020000404                read_pointer
 .bss.mode      0x0000000020000408        0x4 ./Core/Src/main.o
                0x0000000020000408                mode
 .bss.message   0x000000002000040c       0x96 ./Core/Src/main.o
                0x000000002000040c                message
 .bss.counter   0x00000000200004a2        0x2 ./Core/Src/main.o
                0x00000000200004a2                counter
 .bss.firstOperand
                0x00000000200004a4        0x2 ./Core/Src/main.o
                0x00000000200004a4                firstOperand
 .bss.secondOperand
                0x00000000200004a6        0x2 ./Core/Src/main.o
                0x00000000200004a6                secondOperand
 .bss.curCalcsOperation
                0x00000000200004a8        0x2 ./Core/Src/main.o
                0x00000000200004a8                curCalcsOperation
 *fill*         0x00000000200004aa        0x2 
 .bss.currentTempo
                0x00000000200004ac        0x4 ./Core/Src/main.o
                0x00000000200004ac                currentTempo
 .bss.currentMelodySize
                0x00000000200004b0        0x4 ./Core/Src/main.o
                0x00000000200004b0                currentMelodySize
 .bss.currentMelodyPosition
                0x00000000200004b4        0x4 ./Core/Src/main.o
                0x00000000200004b4                currentMelodyPosition
 .bss.current_row.9691
                0x00000000200004b8        0x4 ./Core/Src/main.o
 .bss.row_result.9692
                0x00000000200004bc       0x10 ./Core/Src/main.o
 .bss.OLED_Buffer
                0x00000000200004cc      0x400 ./Core/Src/oled.o
 .bss.OLED      0x00000000200008cc        0x6 ./Core/Src/oled.o
 *fill*         0x00000000200008d2        0x2 
 .bss.__sbrk_heap_end
                0x00000000200008d4        0x4 ./Core/Src/sysmem.o
 .bss.__malloc_free_list
                0x00000000200008d8        0x4 c:/st/stm32cubeide_1.7.0/stm32cubeide/plugins/com.st.stm32cube.ide.mcu.externaltools.gnu-tools-for-stm32.9-2020-q2-update.win32_2.0.0.202105311346/tools/bin/../lib/gcc/arm-none-eabi/9.3.1/../../../../arm-none-eabi/lib/thumb/v7e-m+fp/hard\libc_nano.a(lib_a-nano-mallocr.o)
                0x00000000200008d8                __malloc_free_list
 .bss.__malloc_sbrk_start
                0x00000000200008dc        0x4 c:/st/stm32cubeide_1.7.0/stm32cubeide/plugins/com.st.stm32cube.ide.mcu.externaltools.gnu-tools-for-stm32.9-2020-q2-update.win32_2.0.0.202105311346/tools/bin/../lib/gcc/arm-none-eabi/9.3.1/../../../../arm-none-eabi/lib/thumb/v7e-m+fp/hard\libc_nano.a(lib_a-nano-mallocr.o)
                0x00000000200008dc                __malloc_sbrk_start
 *(COMMON)
 COMMON         0x00000000200008e0       0x54 ./Core/Src/i2c.o
                0x00000000200008e0                hi2c1
 COMMON         0x0000000020000934      0x124 ./Core/Src/main.o
                0x0000000020000934                custom_melody
                0x0000000020000a34                buffer
                0x0000000020000a54                currentMelody
 COMMON         0x0000000020000a58       0x90 ./Core/Src/tim.o
                0x0000000020000a58                htim6
                0x0000000020000aa0                htim2
 COMMON         0x0000000020000ae8       0x44 ./Core/Src/usart.o
                0x0000000020000ae8                huart6
 COMMON         0x0000000020000b2c        0x4 ./Drivers/STM32F4xx_HAL_Driver/Src/stm32f4xx_hal.o
                0x0000000020000b2c                uwTick
 COMMON         0x0000000020000b30        0x4 c:/st/stm32cubeide_1.7.0/stm32cubeide/plugins/com.st.stm32cube.ide.mcu.externaltools.gnu-tools-for-stm32.9-2020-q2-update.win32_2.0.0.202105311346/tools/bin/../lib/gcc/arm-none-eabi/9.3.1/../../../../arm-none-eabi/lib/thumb/v7e-m+fp/hard\libc_nano.a(lib_a-reent.o)
                0x0000000020000b30                errno
 COMMON         0x0000000020000b34        0x9 c:/st/stm32cubeide_1.7.0/stm32cubeide/plugins/com.st.stm32cube.ide.mcu.externaltools.gnu-tools-for-stm32.9-2020-q2-update.win32_2.0.0.202105311346/tools/bin/../lib/gcc/arm-none-eabi/9.3.1/../../../../arm-none-eabi/lib/thumb/v7e-m+fp/hard\libc_nano.a(lib_a-lock.o)
                0x0000000020000b34                __lock___atexit_recursive_mutex
                0x0000000020000b35                __lock___arc4random_mutex
                0x0000000020000b36                __lock___env_recursive_mutex
                0x0000000020000b37                __lock___sinit_recursive_mutex
                0x0000000020000b38                __lock___malloc_recursive_mutex
                0x0000000020000b39                __lock___at_quick_exit_mutex
                0x0000000020000b3a                __lock___dd_hash_mutex
                0x0000000020000b3b                __lock___tz_mutex
                0x0000000020000b3c                __lock___sfp_recursive_mutex
                0x0000000020000b40                . = ALIGN (0x4)
 *fill*         0x0000000020000b3d        0x3 
                0x0000000020000b40                _ebss = .
                0x0000000020000b40                __bss_end__ = _ebss

._user_heap_stack
                0x0000000020000b40      0x600
                0x0000000020000b40                . = ALIGN (0x8)
                [!provide]                        PROVIDE (end = .)
                0x0000000020000b40                PROVIDE (_end = .)
                0x0000000020000d40                . = (. + _Min_Heap_Size)
 *fill*         0x0000000020000b40      0x200 
                0x0000000020001140                . = (. + _Min_Stack_Size)
 *fill*         0x0000000020000d40      0x400 
                0x0000000020001140                . = ALIGN (0x8)

/DISCARD/
 libc.a(*)
 libm.a(*)
 libgcc.a(*)

.ARM.attributes
                0x0000000000000000       0x30
 *(.ARM.attributes)
 .ARM.attributes
                0x0000000000000000       0x1e c:/st/stm32cubeide_1.7.0/stm32cubeide/plugins/com.st.stm32cube.ide.mcu.externaltools.gnu-tools-for-stm32.9-2020-q2-update.win32_2.0.0.202105311346/tools/bin/../lib/gcc/arm-none-eabi/9.3.1/thumb/v7e-m+fp/hard/crti.o
 .ARM.attributes
                0x000000000000001e       0x34 c:/st/stm32cubeide_1.7.0/stm32cubeide/plugins/com.st.stm32cube.ide.mcu.externaltools.gnu-tools-for-stm32.9-2020-q2-update.win32_2.0.0.202105311346/tools/bin/../lib/gcc/arm-none-eabi/9.3.1/thumb/v7e-m+fp/hard/crtbegin.o
 .ARM.attributes
                0x0000000000000052       0x39 ./Core/Src/fonts.o
 .ARM.attributes
                0x000000000000008b       0x34 ./Core/Src/gpio.o
 .ARM.attributes
                0x00000000000000bf       0x34 ./Core/Src/hal_driver.o
 .ARM.attributes
                0x00000000000000f3       0x34 ./Core/Src/i2c.o
 .ARM.attributes
                0x0000000000000127       0x34 ./Core/Src/kb.o
 .ARM.attributes
                0x000000000000015b       0x34 ./Core/Src/main.o
 .ARM.attributes
                0x000000000000018f       0x34 ./Core/Src/oled.o
 .ARM.attributes
                0x00000000000001c3       0x34 ./Core/Src/pca9538.o
 .ARM.attributes
                0x00000000000001f7       0x34 ./Core/Src/sdk_uart.o
 .ARM.attributes
                0x000000000000022b       0x34 ./Core/Src/sound_driver.o
 .ARM.attributes
                0x000000000000025f       0x34 ./Core/Src/stm32f4xx_hal_msp.o
 .ARM.attributes
                0x0000000000000293       0x34 ./Core/Src/stm32f4xx_it.o
 .ARM.attributes
                0x00000000000002c7       0x34 ./Core/Src/sysmem.o
 .ARM.attributes
                0x00000000000002fb       0x34 ./Core/Src/system_stm32f4xx.o
 .ARM.attributes
                0x000000000000032f       0x34 ./Core/Src/tim.o
 .ARM.attributes
                0x0000000000000363       0x34 ./Core/Src/usart.o
 .ARM.attributes
                0x0000000000000397       0x21 ./Core/Startup/startup_stm32f407vgtx.o
 .ARM.attributes
                0x00000000000003b8       0x34 ./Drivers/STM32F4xx_HAL_Driver/Src/stm32f4xx_hal.o
 .ARM.attributes
                0x00000000000003ec       0x34 ./Drivers/STM32F4xx_HAL_Driver/Src/stm32f4xx_hal_cortex.o
 .ARM.attributes
                0x0000000000000420       0x34 ./Drivers/STM32F4xx_HAL_Driver/Src/stm32f4xx_hal_dma.o
 .ARM.attributes
                0x0000000000000454       0x34 ./Drivers/STM32F4xx_HAL_Driver/Src/stm32f4xx_hal_gpio.o
 .ARM.attributes
                0x0000000000000488       0x34 ./Drivers/STM32F4xx_HAL_Driver/Src/stm32f4xx_hal_i2c.o
 .ARM.attributes
                0x00000000000004bc       0x34 ./Drivers/STM32F4xx_HAL_Driver/Src/stm32f4xx_hal_rcc.o
 .ARM.attributes
                0x00000000000004f0       0x34 ./Drivers/STM32F4xx_HAL_Driver/Src/stm32f4xx_hal_tim.o
 .ARM.attributes
                0x0000000000000524       0x34 ./Drivers/STM32F4xx_HAL_Driver/Src/stm32f4xx_hal_tim_ex.o
 .ARM.attributes
                0x0000000000000558       0x34 ./Drivers/STM32F4xx_HAL_Driver/Src/stm32f4xx_hal_uart.o
 .ARM.attributes
                0x000000000000058c       0x34 c:/st/stm32cubeide_1.7.0/stm32cubeide/plugins/com.st.stm32cube.ide.mcu.externaltools.gnu-tools-for-stm32.9-2020-q2-update.win32_2.0.0.202105311346/tools/bin/../lib/gcc/arm-none-eabi/9.3.1/../../../../arm-none-eabi/lib/thumb/v7e-m+fp/hard\libc_nano.a(lib_a-errno.o)
 .ARM.attributes
                0x00000000000005c0       0x32 c:/st/stm32cubeide_1.7.0/stm32cubeide/plugins/com.st.stm32cube.ide.mcu.externaltools.gnu-tools-for-stm32.9-2020-q2-update.win32_2.0.0.202105311346/tools/bin/../lib/gcc/arm-none-eabi/9.3.1/../../../../arm-none-eabi/lib/thumb/v7e-m+fp/hard\libc_nano.a(lib_a-impure.o)
 .ARM.attributes
                0x00000000000005f2       0x34 c:/st/stm32cubeide_1.7.0/stm32cubeide/plugins/com.st.stm32cube.ide.mcu.externaltools.gnu-tools-for-stm32.9-2020-q2-update.win32_2.0.0.202105311346/tools/bin/../lib/gcc/arm-none-eabi/9.3.1/../../../../arm-none-eabi/lib/thumb/v7e-m+fp/hard\libc_nano.a(lib_a-init.o)
 .ARM.attributes
                0x0000000000000626       0x34 c:/st/stm32cubeide_1.7.0/stm32cubeide/plugins/com.st.stm32cube.ide.mcu.externaltools.gnu-tools-for-stm32.9-2020-q2-update.win32_2.0.0.202105311346/tools/bin/../lib/gcc/arm-none-eabi/9.3.1/../../../../arm-none-eabi/lib/thumb/v7e-m+fp/hard\libc_nano.a(lib_a-memset.o)
 .ARM.attributes
                0x000000000000065a       0x34 c:/st/stm32cubeide_1.7.0/stm32cubeide/plugins/com.st.stm32cube.ide.mcu.externaltools.gnu-tools-for-stm32.9-2020-q2-update.win32_2.0.0.202105311346/tools/bin/../lib/gcc/arm-none-eabi/9.3.1/../../../../arm-none-eabi/lib/thumb/v7e-m+fp/hard\libc_nano.a(lib_a-snprintf.o)
 .ARM.attributes
                0x000000000000068e       0x34 c:/st/stm32cubeide_1.7.0/stm32cubeide/plugins/com.st.stm32cube.ide.mcu.externaltools.gnu-tools-for-stm32.9-2020-q2-update.win32_2.0.0.202105311346/tools/bin/../lib/gcc/arm-none-eabi/9.3.1/../../../../arm-none-eabi/lib/thumb/v7e-m+fp/hard\libc_nano.a(lib_a-sprintf.o)
 .ARM.attributes
                0x00000000000006c2       0x17 c:/st/stm32cubeide_1.7.0/stm32cubeide/plugins/com.st.stm32cube.ide.mcu.externaltools.gnu-tools-for-stm32.9-2020-q2-update.win32_2.0.0.202105311346/tools/bin/../lib/gcc/arm-none-eabi/9.3.1/../../../../arm-none-eabi/lib/thumb/v7e-m+fp/hard\libc_nano.a(lib_a-strlen.o)
 .ARM.attributes
                0x00000000000006d9       0x34 c:/st/stm32cubeide_1.7.0/stm32cubeide/plugins/com.st.stm32cube.ide.mcu.externaltools.gnu-tools-for-stm32.9-2020-q2-update.win32_2.0.0.202105311346/tools/bin/../lib/gcc/arm-none-eabi/9.3.1/../../../../arm-none-eabi/lib/thumb/v7e-m+fp/hard\libc_nano.a(lib_a-nano-svfprintf.o)
 .ARM.attributes
                0x000000000000070d       0x34 c:/st/stm32cubeide_1.7.0/stm32cubeide/plugins/com.st.stm32cube.ide.mcu.externaltools.gnu-tools-for-stm32.9-2020-q2-update.win32_2.0.0.202105311346/tools/bin/../lib/gcc/arm-none-eabi/9.3.1/../../../../arm-none-eabi/lib/thumb/v7e-m+fp/hard\libc_nano.a(lib_a-nano-vfprintf_i.o)
 .ARM.attributes
                0x0000000000000741       0x1c c:/st/stm32cubeide_1.7.0/stm32cubeide/plugins/com.st.stm32cube.ide.mcu.externaltools.gnu-tools-for-stm32.9-2020-q2-update.win32_2.0.0.202105311346/tools/bin/../lib/gcc/arm-none-eabi/9.3.1/../../../../arm-none-eabi/lib/thumb/v7e-m+fp/hard\libc_nano.a(lib_a-memchr.o)
 .ARM.attributes
                0x000000000000075d       0x34 c:/st/stm32cubeide_1.7.0/stm32cubeide/plugins/com.st.stm32cube.ide.mcu.externaltools.gnu-tools-for-stm32.9-2020-q2-update.win32_2.0.0.202105311346/tools/bin/../lib/gcc/arm-none-eabi/9.3.1/../../../../arm-none-eabi/lib/thumb/v7e-m+fp/hard\libc_nano.a(lib_a-memcpy-stub.o)
 .ARM.attributes
                0x0000000000000791       0x34 c:/st/stm32cubeide_1.7.0/stm32cubeide/plugins/com.st.stm32cube.ide.mcu.externaltools.gnu-tools-for-stm32.9-2020-q2-update.win32_2.0.0.202105311346/tools/bin/../lib/gcc/arm-none-eabi/9.3.1/../../../../arm-none-eabi/lib/thumb/v7e-m+fp/hard\libc_nano.a(lib_a-memmove.o)
 .ARM.attributes
                0x00000000000007c5       0x34 c:/st/stm32cubeide_1.7.0/stm32cubeide/plugins/com.st.stm32cube.ide.mcu.externaltools.gnu-tools-for-stm32.9-2020-q2-update.win32_2.0.0.202105311346/tools/bin/../lib/gcc/arm-none-eabi/9.3.1/../../../../arm-none-eabi/lib/thumb/v7e-m+fp/hard\libc_nano.a(lib_a-nano-freer.o)
 .ARM.attributes
                0x00000000000007f9       0x34 c:/st/stm32cubeide_1.7.0/stm32cubeide/plugins/com.st.stm32cube.ide.mcu.externaltools.gnu-tools-for-stm32.9-2020-q2-update.win32_2.0.0.202105311346/tools/bin/../lib/gcc/arm-none-eabi/9.3.1/../../../../arm-none-eabi/lib/thumb/v7e-m+fp/hard\libc_nano.a(lib_a-nano-mallocr.o)
 .ARM.attributes
                0x000000000000082d       0x34 c:/st/stm32cubeide_1.7.0/stm32cubeide/plugins/com.st.stm32cube.ide.mcu.externaltools.gnu-tools-for-stm32.9-2020-q2-update.win32_2.0.0.202105311346/tools/bin/../lib/gcc/arm-none-eabi/9.3.1/../../../../arm-none-eabi/lib/thumb/v7e-m+fp/hard\libc_nano.a(lib_a-nano-reallocr.o)
 .ARM.attributes
                0x0000000000000861       0x34 c:/st/stm32cubeide_1.7.0/stm32cubeide/plugins/com.st.stm32cube.ide.mcu.externaltools.gnu-tools-for-stm32.9-2020-q2-update.win32_2.0.0.202105311346/tools/bin/../lib/gcc/arm-none-eabi/9.3.1/../../../../arm-none-eabi/lib/thumb/v7e-m+fp/hard\libc_nano.a(lib_a-sbrkr.o)
 .ARM.attributes
                0x0000000000000895       0x34 c:/st/stm32cubeide_1.7.0/stm32cubeide/plugins/com.st.stm32cube.ide.mcu.externaltools.gnu-tools-for-stm32.9-2020-q2-update.win32_2.0.0.202105311346/tools/bin/../lib/gcc/arm-none-eabi/9.3.1/../../../../arm-none-eabi/lib/thumb/v7e-m+fp/hard\libc_nano.a(lib_a-mlock.o)
 .ARM.attributes
                0x00000000000008c9       0x34 c:/st/stm32cubeide_1.7.0/stm32cubeide/plugins/com.st.stm32cube.ide.mcu.externaltools.gnu-tools-for-stm32.9-2020-q2-update.win32_2.0.0.202105311346/tools/bin/../lib/gcc/arm-none-eabi/9.3.1/../../../../arm-none-eabi/lib/thumb/v7e-m+fp/hard\libc_nano.a(lib_a-nano-msizer.o)
 .ARM.attributes
                0x00000000000008fd       0x34 c:/st/stm32cubeide_1.7.0/stm32cubeide/plugins/com.st.stm32cube.ide.mcu.externaltools.gnu-tools-for-stm32.9-2020-q2-update.win32_2.0.0.202105311346/tools/bin/../lib/gcc/arm-none-eabi/9.3.1/../../../../arm-none-eabi/lib/thumb/v7e-m+fp/hard\libc_nano.a(lib_a-reent.o)
 .ARM.attributes
                0x0000000000000931       0x34 c:/st/stm32cubeide_1.7.0/stm32cubeide/plugins/com.st.stm32cube.ide.mcu.externaltools.gnu-tools-for-stm32.9-2020-q2-update.win32_2.0.0.202105311346/tools/bin/../lib/gcc/arm-none-eabi/9.3.1/../../../../arm-none-eabi/lib/thumb/v7e-m+fp/hard\libc_nano.a(lib_a-lock.o)
 .ARM.attributes
                0x0000000000000965       0x1e c:/st/stm32cubeide_1.7.0/stm32cubeide/plugins/com.st.stm32cube.ide.mcu.externaltools.gnu-tools-for-stm32.9-2020-q2-update.win32_2.0.0.202105311346/tools/bin/../lib/gcc/arm-none-eabi/9.3.1/thumb/v7e-m+fp/hard\libgcc.a(_aeabi_uldivmod.o)
 .ARM.attributes
                0x0000000000000983       0x34 c:/st/stm32cubeide_1.7.0/stm32cubeide/plugins/com.st.stm32cube.ide.mcu.externaltools.gnu-tools-for-stm32.9-2020-q2-update.win32_2.0.0.202105311346/tools/bin/../lib/gcc/arm-none-eabi/9.3.1/thumb/v7e-m+fp/hard\libgcc.a(_udivmoddi4.o)
 .ARM.attributes
                0x00000000000009b7       0x1e c:/st/stm32cubeide_1.7.0/stm32cubeide/plugins/com.st.stm32cube.ide.mcu.externaltools.gnu-tools-for-stm32.9-2020-q2-update.win32_2.0.0.202105311346/tools/bin/../lib/gcc/arm-none-eabi/9.3.1/thumb/v7e-m+fp/hard\libgcc.a(_dvmd_tls.o)
 .ARM.attributes
                0x00000000000009d5       0x1e c:/st/stm32cubeide_1.7.0/stm32cubeide/plugins/com.st.stm32cube.ide.mcu.externaltools.gnu-tools-for-stm32.9-2020-q2-update.win32_2.0.0.202105311346/tools/bin/../lib/gcc/arm-none-eabi/9.3.1/thumb/v7e-m+fp/hard/crtn.o
OUTPUT(Lab1.elf elf32-littlearm)
LOAD linker stubs
LOAD c:/st/stm32cubeide_1.7.0/stm32cubeide/plugins/com.st.stm32cube.ide.mcu.externaltools.gnu-tools-for-stm32.9-2020-q2-update.win32_2.0.0.202105311346/tools/bin/../lib/gcc/arm-none-eabi/9.3.1/../../../../arm-none-eabi/lib/thumb/v7e-m+fp/hard\libc.a
LOAD c:/st/stm32cubeide_1.7.0/stm32cubeide/plugins/com.st.stm32cube.ide.mcu.externaltools.gnu-tools-for-stm32.9-2020-q2-update.win32_2.0.0.202105311346/tools/bin/../lib/gcc/arm-none-eabi/9.3.1/../../../../arm-none-eabi/lib/thumb/v7e-m+fp/hard\libm.a
LOAD c:/st/stm32cubeide_1.7.0/stm32cubeide/plugins/com.st.stm32cube.ide.mcu.externaltools.gnu-tools-for-stm32.9-2020-q2-update.win32_2.0.0.202105311346/tools/bin/../lib/gcc/arm-none-eabi/9.3.1/thumb/v7e-m+fp/hard\libgcc.a

.debug_info     0x0000000000000000    0x18d96
 .debug_info    0x0000000000000000      0x2a1 ./Core/Src/fonts.o
 .debug_info    0x00000000000002a1      0x52f ./Core/Src/gpio.o
 .debug_info    0x00000000000007d0      0x36d ./Core/Src/hal_driver.o
 .debug_info    0x0000000000000b3d      0xca2 ./Core/Src/i2c.o
 .debug_info    0x00000000000017df     0x118b ./Core/Src/kb.o
 .debug_info    0x000000000000296a     0x24fe ./Core/Src/main.o
 .debug_info    0x0000000000004e68      0xb5d ./Core/Src/oled.o
 .debug_info    0x00000000000059c5     0x1177 ./Core/Src/pca9538.o
 .debug_info    0x0000000000006b3c      0xf95 ./Core/Src/sdk_uart.o
 .debug_info    0x0000000000007ad1      0x8df ./Core/Src/sound_driver.o
 .debug_info    0x00000000000083b0      0x394 ./Core/Src/stm32f4xx_hal_msp.o
 .debug_info    0x0000000000008744      0xd45 ./Core/Src/stm32f4xx_it.o
 .debug_info    0x0000000000009489      0xa25 ./Core/Src/sysmem.o
 .debug_info    0x0000000000009eae      0x5a4 ./Core/Src/system_stm32f4xx.o
 .debug_info    0x000000000000a452      0xebc ./Core/Src/tim.o
 .debug_info    0x000000000000b30e      0xc29 ./Core/Src/usart.o
 .debug_info    0x000000000000bf37       0x22 ./Core/Startup/startup_stm32f407vgtx.o
 .debug_info    0x000000000000bf59      0x9b2 ./Drivers/STM32F4xx_HAL_Driver/Src/stm32f4xx_hal.o
 .debug_info    0x000000000000c90b      0xed7 ./Drivers/STM32F4xx_HAL_Driver/Src/stm32f4xx_hal_cortex.o
 .debug_info    0x000000000000d7e2      0x9f1 ./Drivers/STM32F4xx_HAL_Driver/Src/stm32f4xx_hal_dma.o
 .debug_info    0x000000000000e1d3      0x83e ./Drivers/STM32F4xx_HAL_Driver/Src/stm32f4xx_hal_gpio.o
 .debug_info    0x000000000000ea11     0x264d ./Drivers/STM32F4xx_HAL_Driver/Src/stm32f4xx_hal_i2c.o
 .debug_info    0x000000000001105e      0x996 ./Drivers/STM32F4xx_HAL_Driver/Src/stm32f4xx_hal_rcc.o
 .debug_info    0x00000000000119f4     0x2c22 ./Drivers/STM32F4xx_HAL_Driver/Src/stm32f4xx_hal_tim.o
 .debug_info    0x0000000000014616     0x15a2 ./Drivers/STM32F4xx_HAL_Driver/Src/stm32f4xx_hal_tim_ex.o
 .debug_info    0x0000000000015bb8     0x31de ./Drivers/STM32F4xx_HAL_Driver/Src/stm32f4xx_hal_uart.o

.debug_abbrev   0x0000000000000000     0x3423
 .debug_abbrev  0x0000000000000000       0xec ./Core/Src/fonts.o
 .debug_abbrev  0x00000000000000ec      0x14e ./Core/Src/gpio.o
 .debug_abbrev  0x000000000000023a      0x171 ./Core/Src/hal_driver.o
 .debug_abbrev  0x00000000000003ab      0x1c4 ./Core/Src/i2c.o
 .debug_abbrev  0x000000000000056f      0x236 ./Core/Src/kb.o
 .debug_abbrev  0x00000000000007a5      0x496 ./Core/Src/main.o
 .debug_abbrev  0x0000000000000c3b      0x20f ./Core/Src/oled.o
 .debug_abbrev  0x0000000000000e4a      0x22a ./Core/Src/pca9538.o
 .debug_abbrev  0x0000000000001074      0x217 ./Core/Src/sdk_uart.o
 .debug_abbrev  0x000000000000128b      0x22a ./Core/Src/sound_driver.o
 .debug_abbrev  0x00000000000014b5      0x11d ./Core/Src/stm32f4xx_hal_msp.o
 .debug_abbrev  0x00000000000015d2      0x176 ./Core/Src/stm32f4xx_it.o
 .debug_abbrev  0x0000000000001748      0x1bf ./Core/Src/sysmem.o
 .debug_abbrev  0x0000000000001907      0x145 ./Core/Src/system_stm32f4xx.o
 .debug_abbrev  0x0000000000001a4c      0x1e8 ./Core/Src/tim.o
 .debug_abbrev  0x0000000000001c34      0x1c4 ./Core/Src/usart.o
 .debug_abbrev  0x0000000000001df8       0x12 ./Core/Startup/startup_stm32f407vgtx.o
 .debug_abbrev  0x0000000000001e0a      0x1ed ./Drivers/STM32F4xx_HAL_Driver/Src/stm32f4xx_hal.o
 .debug_abbrev  0x0000000000001ff7      0x33c ./Drivers/STM32F4xx_HAL_Driver/Src/stm32f4xx_hal_cortex.o
 .debug_abbrev  0x0000000000002333      0x259 ./Drivers/STM32F4xx_HAL_Driver/Src/stm32f4xx_hal_dma.o
 .debug_abbrev  0x000000000000258c      0x1f1 ./Drivers/STM32F4xx_HAL_Driver/Src/stm32f4xx_hal_gpio.o
 .debug_abbrev  0x000000000000277d      0x282 ./Drivers/STM32F4xx_HAL_Driver/Src/stm32f4xx_hal_i2c.o
 .debug_abbrev  0x00000000000029ff      0x275 ./Drivers/STM32F4xx_HAL_Driver/Src/stm32f4xx_hal_rcc.o
 .debug_abbrev  0x0000000000002c74      0x25e ./Drivers/STM32F4xx_HAL_Driver/Src/stm32f4xx_hal_tim.o
 .debug_abbrev  0x0000000000002ed2      0x266 ./Drivers/STM32F4xx_HAL_Driver/Src/stm32f4xx_hal_tim_ex.o
 .debug_abbrev  0x0000000000003138      0x2eb ./Drivers/STM32F4xx_HAL_Driver/Src/stm32f4xx_hal_uart.o

.debug_aranges  0x0000000000000000     0x1238
 .debug_aranges
                0x0000000000000000       0x18 ./Core/Src/fonts.o
 .debug_aranges
                0x0000000000000018       0x20 ./Core/Src/gpio.o
 .debug_aranges
                0x0000000000000038       0x78 ./Core/Src/hal_driver.o
 .debug_aranges
                0x00000000000000b0       0x30 ./Core/Src/i2c.o
 .debug_aranges
                0x00000000000000e0       0x30 ./Core/Src/kb.o
 .debug_aranges
                0x0000000000000110      0x120 ./Core/Src/main.o
 .debug_aranges
                0x0000000000000230       0x78 ./Core/Src/oled.o
 .debug_aranges
                0x00000000000002a8       0x40 ./Core/Src/pca9538.o
 .debug_aranges
                0x00000000000002e8       0x28 ./Core/Src/sdk_uart.o
 .debug_aranges
                0x0000000000000310       0x48 ./Core/Src/sound_driver.o
 .debug_aranges
                0x0000000000000358       0x20 ./Core/Src/stm32f4xx_hal_msp.o
 .debug_aranges
                0x0000000000000378       0x80 ./Core/Src/stm32f4xx_it.o
 .debug_aranges
                0x00000000000003f8       0x20 ./Core/Src/sysmem.o
 .debug_aranges
                0x0000000000000418       0x28 ./Core/Src/system_stm32f4xx.o
 .debug_aranges
                0x0000000000000440       0x50 ./Core/Src/tim.o
 .debug_aranges
                0x0000000000000490       0x30 ./Core/Src/usart.o
 .debug_aranges
                0x00000000000004c0       0x28 ./Core/Startup/startup_stm32f407vgtx.o
 .debug_aranges
                0x00000000000004e8       0xf0 ./Drivers/STM32F4xx_HAL_Driver/Src/stm32f4xx_hal.o
 .debug_aranges
                0x00000000000005d8      0x118 ./Drivers/STM32F4xx_HAL_Driver/Src/stm32f4xx_hal_cortex.o
 .debug_aranges
                0x00000000000006f0       0x90 ./Drivers/STM32F4xx_HAL_Driver/Src/stm32f4xx_hal_dma.o
 .debug_aranges
                0x0000000000000780       0x58 ./Drivers/STM32F4xx_HAL_Driver/Src/stm32f4xx_hal_gpio.o
 .debug_aranges
                0x00000000000007d8      0x2a0 ./Drivers/STM32F4xx_HAL_Driver/Src/stm32f4xx_hal_i2c.o
 .debug_aranges
                0x0000000000000a78       0x88 ./Drivers/STM32F4xx_HAL_Driver/Src/stm32f4xx_hal_rcc.o
 .debug_aranges
                0x0000000000000b00      0x3d0 ./Drivers/STM32F4xx_HAL_Driver/Src/stm32f4xx_hal_tim.o
 .debug_aranges
                0x0000000000000ed0      0x168 ./Drivers/STM32F4xx_HAL_Driver/Src/stm32f4xx_hal_tim_ex.o
 .debug_aranges
                0x0000000000001038      0x200 ./Drivers/STM32F4xx_HAL_Driver/Src/stm32f4xx_hal_uart.o

.debug_macro    0x0000000000000000    0x23587
 .debug_macro   0x0000000000000000      0x1f2 ./Core/Src/fonts.o
 .debug_macro   0x00000000000001f2      0xaa8 ./Core/Src/fonts.o
 .debug_macro   0x0000000000000c9a      0x2a1 ./Core/Src/fonts.o
 .debug_macro   0x0000000000000f3b       0x2e ./Core/Src/fonts.o
 .debug_macro   0x0000000000000f69       0x2f ./Core/Src/fonts.o
 .debug_macro   0x0000000000000f98       0x22 ./Core/Src/fonts.o
 .debug_macro   0x0000000000000fba       0x8e ./Core/Src/fonts.o
 .debug_macro   0x0000000000001048       0x51 ./Core/Src/fonts.o
 .debug_macro   0x0000000000001099      0x103 ./Core/Src/fonts.o
 .debug_macro   0x000000000000119c       0x6a ./Core/Src/fonts.o
 .debug_macro   0x0000000000001206      0x1df ./Core/Src/fonts.o
 .debug_macro   0x00000000000013e5       0x1c ./Core/Src/fonts.o
 .debug_macro   0x0000000000001401       0x22 ./Core/Src/fonts.o
 .debug_macro   0x0000000000001423       0xdf ./Core/Src/fonts.o
 .debug_macro   0x0000000000001502     0x102d ./Core/Src/fonts.o
 .debug_macro   0x000000000000252f      0x11f ./Core/Src/fonts.o
 .debug_macro   0x000000000000264e    0x15e58 ./Core/Src/fonts.o
 .debug_macro   0x00000000000184a6       0x6d ./Core/Src/fonts.o
 .debug_macro   0x0000000000018513     0x3666 ./Core/Src/fonts.o
 .debug_macro   0x000000000001bb79      0x174 ./Core/Src/fonts.o
 .debug_macro   0x000000000001bced       0x5c ./Core/Src/fonts.o
 .debug_macro   0x000000000001bd49      0x96b ./Core/Src/fonts.o
 .debug_macro   0x000000000001c6b4      0x9fe ./Core/Src/fonts.o
 .debug_macro   0x000000000001d0b2      0x116 ./Core/Src/fonts.o
 .debug_macro   0x000000000001d1c8      0x13e ./Core/Src/fonts.o
 .debug_macro   0x000000000001d306       0xa5 ./Core/Src/fonts.o
 .debug_macro   0x000000000001d3ab      0x174 ./Core/Src/fonts.o
 .debug_macro   0x000000000001d51f      0x287 ./Core/Src/fonts.o
 .debug_macro   0x000000000001d7a6       0x5f ./Core/Src/fonts.o
 .debug_macro   0x000000000001d805      0x236 ./Core/Src/fonts.o
 .debug_macro   0x000000000001da3b      0x12c ./Core/Src/fonts.o
 .debug_macro   0x000000000001db67      0x21e ./Core/Src/fonts.o
 .debug_macro   0x000000000001dd85       0x2e ./Core/Src/fonts.o
 .debug_macro   0x000000000001ddb3      0x1b5 ./Core/Src/fonts.o
 .debug_macro   0x000000000001df68       0xd6 ./Core/Src/fonts.o
 .debug_macro   0x000000000001e03e      0x11a ./Core/Src/fonts.o
 .debug_macro   0x000000000001e158       0x7e ./Core/Src/fonts.o
 .debug_macro   0x000000000001e1d6       0x89 ./Core/Src/fonts.o
 .debug_macro   0x000000000001e25f      0x8d1 ./Core/Src/fonts.o
 .debug_macro   0x000000000001eb30       0x47 ./Core/Src/fonts.o
 .debug_macro   0x000000000001eb77      0x295 ./Core/Src/fonts.o
 .debug_macro   0x000000000001ee0c      0x12d ./Core/Src/fonts.o
 .debug_macro   0x000000000001ef39      0x1fc ./Core/Src/gpio.o
 .debug_macro   0x000000000001f135      0x206 ./Core/Src/hal_driver.o
 .debug_macro   0x000000000001f33b      0x1fc ./Core/Src/i2c.o
 .debug_macro   0x000000000001f537      0x3b0 ./Core/Src/kb.o
 .debug_macro   0x000000000001f8e7       0x16 ./Core/Src/kb.o
 .debug_macro   0x000000000001f8fd       0x52 ./Core/Src/kb.o
 .debug_macro   0x000000000001f94f       0x18 ./Core/Src/kb.o
 .debug_macro   0x000000000001f967       0x3c ./Core/Src/kb.o
 .debug_macro   0x000000000001f9a3       0x34 ./Core/Src/kb.o
 .debug_macro   0x000000000001f9d7       0x16 ./Core/Src/kb.o
 .debug_macro   0x000000000001f9ed       0x35 ./Core/Src/kb.o
 .debug_macro   0x000000000001fa22      0x333 ./Core/Src/kb.o
 .debug_macro   0x000000000001fd55       0x10 ./Core/Src/kb.o
 .debug_macro   0x000000000001fd65       0x16 ./Core/Src/kb.o
 .debug_macro   0x000000000001fd7b       0x43 ./Core/Src/kb.o
 .debug_macro   0x000000000001fdbe       0x34 ./Core/Src/kb.o
 .debug_macro   0x000000000001fdf2       0x10 ./Core/Src/kb.o
 .debug_macro   0x000000000001fe02       0x58 ./Core/Src/kb.o
 .debug_macro   0x000000000001fe5a       0x71 ./Core/Src/kb.o
 .debug_macro   0x000000000001fecb       0x1c ./Core/Src/kb.o
 .debug_macro   0x000000000001fee7      0x12a ./Core/Src/kb.o
 .debug_macro   0x0000000000020011       0x10 ./Core/Src/kb.o
 .debug_macro   0x0000000000020021       0x1c ./Core/Src/kb.o
 .debug_macro   0x000000000002003d       0x52 ./Core/Src/kb.o
 .debug_macro   0x000000000002008f       0x22 ./Core/Src/kb.o
 .debug_macro   0x00000000000200b1       0x10 ./Core/Src/kb.o
 .debug_macro   0x00000000000200c1       0x40 ./Core/Src/kb.o
 .debug_macro   0x0000000000020101       0xd5 ./Core/Src/kb.o
 .debug_macro   0x00000000000201d6       0x1c ./Core/Src/kb.o
 .debug_macro   0x00000000000201f2       0x3d ./Core/Src/kb.o
 .debug_macro   0x000000000002022f       0x16 ./Core/Src/kb.o
 .debug_macro   0x0000000000020245      0x145 ./Core/Src/kb.o
 .debug_macro   0x000000000002038a      0x3c6 ./Core/Src/main.o
 .debug_macro   0x0000000000020750      0x232 ./Core/Src/main.o
 .debug_macro   0x0000000000020982       0x1c ./Core/Src/main.o
 .debug_macro   0x000000000002099e      0x215 ./Core/Src/oled.o
 .debug_macro   0x0000000000020bb3      0x382 ./Core/Src/pca9538.o
 .debug_macro   0x0000000000020f35      0x2d4 ./Core/Src/sdk_uart.o
 .debug_macro   0x0000000000021209       0x10 ./Core/Src/sdk_uart.o
 .debug_macro   0x0000000000021219       0x20 ./Core/Src/sdk_uart.o
 .debug_macro   0x0000000000021239      0x219 ./Core/Src/sound_driver.o
 .debug_macro   0x0000000000021452      0x22c ./Core/Src/sound_driver.o
 .debug_macro   0x000000000002167e      0x1f2 ./Core/Src/stm32f4xx_hal_msp.o
 .debug_macro   0x0000000000021870      0x1fc ./Core/Src/stm32f4xx_it.o
 .debug_macro   0x0000000000021a6c       0xff ./Core/Src/sysmem.o
 .debug_macro   0x0000000000021b6b      0x23b ./Core/Src/sysmem.o
 .debug_macro   0x0000000000021da6      0x1e8 ./Core/Src/system_stm32f4xx.o
 .debug_macro   0x0000000000021f8e      0x1fc ./Core/Src/tim.o
 .debug_macro   0x000000000002218a      0x1fc ./Core/Src/usart.o
 .debug_macro   0x0000000000022386      0x248 ./Drivers/STM32F4xx_HAL_Driver/Src/stm32f4xx_hal.o
 .debug_macro   0x00000000000225ce      0x1e8 ./Drivers/STM32F4xx_HAL_Driver/Src/stm32f4xx_hal_cortex.o
 .debug_macro   0x00000000000227b6      0x1ee ./Drivers/STM32F4xx_HAL_Driver/Src/stm32f4xx_hal_dma.o
 .debug_macro   0x00000000000229a4      0x1ee ./Drivers/STM32F4xx_HAL_Driver/Src/stm32f4xx_hal_gpio.o
 .debug_macro   0x0000000000022b92      0x22f ./Drivers/STM32F4xx_HAL_Driver/Src/stm32f4xx_hal_i2c.o
 .debug_macro   0x0000000000022dc1      0x20c ./Drivers/STM32F4xx_HAL_Driver/Src/stm32f4xx_hal_rcc.o
 .debug_macro   0x0000000000022fcd      0x1e9 ./Drivers/STM32F4xx_HAL_Driver/Src/stm32f4xx_hal_tim.o
 .debug_macro   0x00000000000231b6      0x1e8 ./Drivers/STM32F4xx_HAL_Driver/Src/stm32f4xx_hal_tim_ex.o
 .debug_macro   0x000000000002339e      0x1e9 ./Drivers/STM32F4xx_HAL_Driver/Src/stm32f4xx_hal_uart.o

.debug_line     0x0000000000000000    0x17cee
 .debug_line    0x0000000000000000      0x6d4 ./Core/Src/fonts.o
 .debug_line    0x00000000000006d4      0x712 ./Core/Src/gpio.o
 .debug_line    0x0000000000000de6      0x841 ./Core/Src/hal_driver.o
 .debug_line    0x0000000000001627      0x767 ./Core/Src/i2c.o
 .debug_line    0x0000000000001d8e      0xa86 ./Core/Src/kb.o
 .debug_line    0x0000000000002814     0x11c6 ./Core/Src/main.o
 .debug_line    0x00000000000039da      0xa10 ./Core/Src/oled.o
 .debug_line    0x00000000000043ea      0x9d0 ./Core/Src/pca9538.o
 .debug_line    0x0000000000004dba      0x882 ./Core/Src/sdk_uart.o
 .debug_line    0x000000000000563c      0x82f ./Core/Src/sound_driver.o
 .debug_line    0x0000000000005e6b      0x6f8 ./Core/Src/stm32f4xx_hal_msp.o
 .debug_line    0x0000000000006563      0x81a ./Core/Src/stm32f4xx_it.o
 .debug_line    0x0000000000006d7d      0x4f8 ./Core/Src/sysmem.o
 .debug_line    0x0000000000007275      0x779 ./Core/Src/system_stm32f4xx.o
 .debug_line    0x00000000000079ee      0x815 ./Core/Src/tim.o
 .debug_line    0x0000000000008203      0x764 ./Core/Src/usart.o
 .debug_line    0x0000000000008967       0x88 ./Core/Startup/startup_stm32f407vgtx.o
 .debug_line    0x00000000000089ef      0x9df ./Drivers/STM32F4xx_HAL_Driver/Src/stm32f4xx_hal.o
 .debug_line    0x00000000000093ce      0xc8e ./Drivers/STM32F4xx_HAL_Driver/Src/stm32f4xx_hal_cortex.o
 .debug_line    0x000000000000a05c      0xf44 ./Drivers/STM32F4xx_HAL_Driver/Src/stm32f4xx_hal_dma.o
 .debug_line    0x000000000000afa0      0xb55 ./Drivers/STM32F4xx_HAL_Driver/Src/stm32f4xx_hal_gpio.o
 .debug_line    0x000000000000baf5     0x398b ./Drivers/STM32F4xx_HAL_Driver/Src/stm32f4xx_hal_i2c.o