main.c:105:6:writeScreenMessage	16	static
main.c:110:6:writeScreenChar	16	static
main.c:115:6:resetScreen	8	static
main.c:121:6:writeScreenError	8	static
main.c:126:6:writeScreenErrorAndReset	8	static
main.c:135:6:nextOperation	4	static
main.c:141:7:checkNumbertoOverflow	16	static
main.c:147:7:getNumber	24	static
main.c:154:20:getMathOperation	16	static
main.c:170:6:handle_calc	32	static
main.c:285:7:makeMathOperation	32	static
main.c:313:1:resetCalc	4	static
main.c:322:6:buffer_init	16	static
main.c:327:6:buffer_add	16	static
main.c:332:5:buffer_read	16	static
main.c:341:6:keyboard_read	16	static
main.c:368:6:HAL_I2C_MemTxCpltCallback	16	static
main.c:374:6:HAL_I2C_MemRxCpltCallback	16	static
main.c:395:6:sendMessage	24	static
main.c:413:6:sendError	8	static
main.c:417:6:sendErrorAndReset	8	static
main.c:609:5:wholeNote	16	static
main.c:632:6:custom_melody_init	16	static
main.c:646:6:moveToNextMelodyPosition	4	static
main.c:652:6:handleInputEditingNote	16	static
main.c:693:6:handleInputEditingDelay	16	static
main.c:734:6:handleInputEditingTempo	16	static
main.c:774:6:handleInputPlaying	16	static
main.c:830:6:handleInputEditing	32	static
main.c:883:6:handleInput	16	static
main.c:916:5:main	56	static
main.c:1037:6:SystemClock_Config	88	static
main.c:1081:6:Error_Handler	4	static,ignoring_inline_asm
